Iteration 1 Output for /home/amd/vul-rccl-benchmark/run-rccl.sh all_reduce:
Running all_reduce, qps 1 ...
Num nodes: 2
LIST ________________________roce_ai0_vip,roce_ai1_vip,roce_ai2_vip,roce_ai3_vip,roce_ai4_vip,roce_ai5_vip,roce_ai6_vip,roce_ai7_vip
+ /home/amd/vul-rccl/ompi_build/bin/mpirun --np 16 --allow-run-as-root -H 10.30.69.101:8,10.30.69.98:8 --bind-to numa -x NCCL_IB_GID_INDEX=1 -x NCCL_GDR_FLUSH_DISABLE=1 -x RCCL_GDR_FLUSH_GPU_MEM_NO_RELAXED_ORDERING=0 -x PATH=/home/amd/vul-rccl/ompi_build/bin:/opt/rocm/bin:/root/.local/bin:/root/bin:/usr/share/Modules/bin:/usr/local/sbin:/usr/local/bin:/usr/sbin:/usr/bin -x LD_LIBRARY_PATH=/home/amd/vul-rccl/rccl/build/release:/home/amd/vul-rccl/amd-anp-mp-new/build:/home/amd/vul-rccl/ompi_build/lib:/home/amd/vul-rccl/rccl/build/release/_deps/fmt-build: --mca btl '^vader,openib' -mca btl_tcp_if_include eth0 -x NCCL_SOCKET_IFNAME=eth0 -x NCCL_IB_QPS_PER_CONNECTION=1 -x NCCL_TOPO_DUMP_FILE=/tmp/system_run2.txt -x HSA_NO_SCRATCH_RECLAIM=1 -x NCCL_IB_TC=128 -x NCCL_IB_FIFO_TC=144 -x NCCL_IGNORE_CPU_AFFINITY=1 -x NCCL_PXN_DISABLE=1 -x NCCL_DMABUF_ENABLE=1 -x NCCL_DEBUG=VERSION -x RCCL_VIP_PIP_MAP_FILE=/home/amd/vul-rccl/vip_pip_mapping_gt_u.json -x NCCL_NET_OPTIONAL_RECV_COMPLETION=1 -x NCCL_IB_USE_INLINE=1 -x IONIC_LOCKFREE=all -x NCCL_IB_HCA=roce_ai0_vip,roce_ai1_vip,roce_ai2_vip,roce_ai3_vip,roce_ai4_vip,roce_ai5_vip,roce_ai6_vip,roce_ai7_vip -x NCCL_NET_PLUGIN=librccl-anp.so -x RCCL_LL128_FORCE_ENABLE=1 -x LD_PRELOAD=/home/amd/vul-rccl/rccl/build/release/librccl.so.1.0 /home/amd/vul-rccl/rccl-tests/build/all_reduce_perf -b 16 -e 16G -f 2 -g 1 -n 20 -c 1 -w 5
# Collective test starting: all_reduce_perf
# nThread 1 nGpus 1 minBytes 16 maxBytes 17179869184 step: 2(factor) warmup iters: 5 iters: 20 agg iters: 1 validation: 1 graph: 0
#
rccl-tests: Version develop_deprecated:40b1b17
# Using devices
#  Rank  0 Group  0 Pid  89371 on SC-GT-Node1 device  0 [0000:0e:00] AMD Instinct MI300X
#  Rank  1 Group  0 Pid  89372 on SC-GT-Node1 device  1 [0000:6e:00] AMD Instinct MI300X
#  Rank  2 Group  0 Pid  89373 on SC-GT-Node1 device  2 [0000:4e:00] AMD Instinct MI300X
#  Rank  3 Group  0 Pid  89374 on SC-GT-Node1 device  3 [0000:2e:00] AMD Instinct MI300X
#  Rank  4 Group  0 Pid  89375 on SC-GT-Node1 device  4 [0000:ef:00] AMD Instinct MI300X
#  Rank  5 Group  0 Pid  89376 on SC-GT-Node1 device  5 [0000:ce:00] AMD Instinct MI300X
#  Rank  6 Group  0 Pid  89377 on SC-GT-Node1 device  6 [0000:8e:00] AMD Instinct MI300X
#  Rank  7 Group  0 Pid  89378 on SC-GT-Node1 device  7 [0000:ae:00] AMD Instinct MI300X
#  Rank  8 Group  0 Pid  67102 on SC-GT-Node4 device  0 [0000:0e:00] AMD Instinct MI325X
#  Rank  9 Group  0 Pid  67103 on SC-GT-Node4 device  1 [0000:6e:00] AMD Instinct MI325X
#  Rank 10 Group  0 Pid  67104 on SC-GT-Node4 device  2 [0000:4e:00] AMD Instinct MI325X
#  Rank 11 Group  0 Pid  67105 on SC-GT-Node4 device  3 [0000:2e:00] AMD Instinct MI325X
#  Rank 12 Group  0 Pid  67106 on SC-GT-Node4 device  4 [0000:ef:00] AMD Instinct MI325X
#  Rank 13 Group  0 Pid  67107 on SC-GT-Node4 device  5 [0000:ce:00] AMD Instinct MI325X
#  Rank 14 Group  0 Pid  67108 on SC-GT-Node4 device  6 [0000:8e:00] AMD Instinct MI325X
#  Rank 15 Group  0 Pid  67109 on SC-GT-Node4 device  7 [0000:ae:00] AMD Instinct MI325X
RCCL version : 2.27.7-Unknown 
HIP version  : 7.0.51831-7c9236b16
ROCm version : 7.0.2.0-56-9428210
Hostname     : SC-GT-Node1
Librccl path : /home/amd/vul-rccl/rccl/build/release/librccl.so.1.0
#
#                                                              out-of-place                       in-place          
#       size         count      type   redop    root     time   algbw   busbw #wrong     time   algbw   busbw #wrong                               
#        (B)    (elements)                               (us)  (GB/s)  (GB/s)            (us)  (GB/s)  (GB/s)                                      
          16             4     float     sum      -1    39.41    0.00    0.00      0    36.05    0.00    0.00      0
          32             8     float     sum      -1    37.36    0.00    0.00      0    36.75    0.00    0.00      0
          64            16     float     sum      -1    36.16    0.00    0.00      0    37.21    0.00    0.00      0
         128            32     float     sum      -1    37.14    0.00    0.01      0    41.83    0.00    0.01      0
         256            64     float     sum      -1    37.41    0.01    0.01      0    40.08    0.01    0.01      0
         512           128     float     sum      -1    39.17    0.01    0.02      0    38.36    0.01    0.03      0
        1024           256     float     sum      -1    39.93    0.03    0.05      0    41.78    0.02    0.05      0
        2048           512     float     sum      -1    41.98    0.05    0.09      0    42.69    0.05    0.09      0
        4096          1024     float     sum      -1    46.97    0.09    0.16      0    44.08    0.09    0.17      0
        8192          2048     float     sum      -1    44.44    0.18    0.35      0    46.07    0.18    0.33      0
       16384          4096     float     sum      -1    46.43    0.35    0.66      0    45.70    0.36    0.67      0
       32768          8192     float     sum      -1    47.81    0.69    1.28      0    46.54    0.70    1.32      0
       65536         16384     float     sum      -1    48.97    1.34    2.51      0    47.75    1.37    2.57      0
      131072         32768     float     sum      -1    50.33    2.60    4.88      0    50.17    2.61    4.90      0
      262144         65536     float     sum      -1    55.51    4.72    8.85      0    56.21    4.66    8.74      0
      524288        131072     float     sum      -1    75.81    6.92   12.97      0    74.03    7.08   13.28      0
     1048576        262144     float     sum      -1    95.58   10.97   20.57      0    99.00   10.59   19.86      0
     2097152        524288     float     sum      -1    106.7   19.66   36.86      0    103.6   20.25   37.96      0
     4194304       1048576     float     sum      -1    120.5   34.82   65.28      0    120.4   34.83   65.31      0
     8388608       2097152     float     sum      -1    170.3   49.26   92.36      0    165.7   50.63   94.93      0
    16777216       4194304     float     sum      -1    267.5   62.71  117.58      0    277.5   60.46  113.37      0
    33554432       8388608     float     sum      -1    407.6   82.31  154.34      0    410.6   81.72  153.22      0
    67108864      16777216     float     sum      -1    615.5  109.03  204.43      0    615.6  109.02  204.41      0
   134217728      33554432     float     sum      -1   1016.8  132.00  247.51      0    996.5  134.69  252.54      0
   268435456      67108864     float     sum      -1   1485.3  180.72  338.86      0   1494.0  179.67  336.89      0
   536870912     134217728     float     sum      -1   2904.4  184.85  346.59      0   2905.5  184.78  346.45      0
  1073741824     268435456     float     sum      -1   5793.6  185.33  347.50      0   5797.7  185.20  347.25      0
  2147483648     536870912     float     sum      -1    11564  185.71  348.20      0    11564  185.70  348.19      0
  4294967296    1073741824     float     sum      -1    23000  186.73  350.13      0    23027  186.52  349.73      0
  8589934592    2147483648     float     sum      -1    45900  187.14  350.90      0    46070  186.45  349.60      0
 17179869184    4294967296     float     sum      -1    91941  186.86  350.36      0    91577  187.60  351.75      0
# Errors with asterisks indicate errors that have exceeded the maximum threshold.
# Out of bounds values : 0 OK
# Avg bus bandwidth    : 109.79 
#
# Collective test concluded: all_reduce_perf

Processing file: sackdelay_cc/temp_all_reduce_iteration_1.txt
Iteration 1 Output for /home/amd/vul-rccl-benchmark/run-rccl.sh alltoall:
Running alltoall, qps 1 ...
Num nodes: 2
LIST ________________________roce_ai0_vip,roce_ai1_vip,roce_ai2_vip,roce_ai3_vip,roce_ai4_vip,roce_ai5_vip,roce_ai6_vip,roce_ai7_vip
+ /home/amd/vul-rccl/ompi_build/bin/mpirun --np 16 --allow-run-as-root -H 10.30.69.101:8,10.30.69.98:8 --bind-to numa -x NCCL_IB_GID_INDEX=1 -x NCCL_GDR_FLUSH_DISABLE=1 -x RCCL_GDR_FLUSH_GPU_MEM_NO_RELAXED_ORDERING=0 -x PATH=/home/amd/vul-rccl/ompi_build/bin:/opt/rocm/bin:/root/.local/bin:/root/bin:/usr/share/Modules/bin:/usr/local/sbin:/usr/local/bin:/usr/sbin:/usr/bin -x LD_LIBRARY_PATH=/home/amd/vul-rccl/rccl/build/release:/home/amd/vul-rccl/amd-anp-mp-new/build:/home/amd/vul-rccl/ompi_build/lib:/home/amd/vul-rccl/rccl/build/release/_deps/fmt-build: --mca btl '^vader,openib' -mca btl_tcp_if_include eth0 -x NCCL_SOCKET_IFNAME=eth0 -x NCCL_IB_QPS_PER_CONNECTION=1 -x NCCL_TOPO_DUMP_FILE=/tmp/system_run2.txt -x HSA_NO_SCRATCH_RECLAIM=1 -x NCCL_IB_TC=128 -x NCCL_IB_FIFO_TC=144 -x NCCL_IGNORE_CPU_AFFINITY=1 -x NCCL_PXN_DISABLE=1 -x NCCL_DMABUF_ENABLE=1 -x NCCL_DEBUG=VERSION -x RCCL_VIP_PIP_MAP_FILE=/home/amd/vul-rccl/vip_pip_mapping_gt_u.json -x NCCL_NET_OPTIONAL_RECV_COMPLETION=1 -x NCCL_IB_USE_INLINE=1 -x IONIC_LOCKFREE=all -x NCCL_IB_HCA=roce_ai0_vip,roce_ai1_vip,roce_ai2_vip,roce_ai3_vip,roce_ai4_vip,roce_ai5_vip,roce_ai6_vip,roce_ai7_vip -x NCCL_NET_PLUGIN=librccl-anp.so -x RCCL_DISABLE_RAIL_TREES=1 -x LD_PRELOAD=/home/amd/vul-rccl/rccl/build/release/librccl.so.1.0 /home/amd/vul-rccl/rccl-tests/build/alltoall_perf -b 16 -e 16G -f 2 -g 1 -n 20 -c 1 -w 5
# Collective test starting: alltoall_perf
# nThread 1 nGpus 1 minBytes 16 maxBytes 17179869184 step: 2(factor) warmup iters: 5 iters: 20 agg iters: 1 validation: 1 graph: 0
#
rccl-tests: Version develop_deprecated:40b1b17
# Using devices
#  Rank  0 Group  0 Pid  89651 on SC-GT-Node1 device  0 [0000:0e:00] AMD Instinct MI300X
#  Rank  1 Group  0 Pid  89652 on SC-GT-Node1 device  1 [0000:6e:00] AMD Instinct MI300X
#  Rank  2 Group  0 Pid  89653 on SC-GT-Node1 device  2 [0000:4e:00] AMD Instinct MI300X
#  Rank  3 Group  0 Pid  89654 on SC-GT-Node1 device  3 [0000:2e:00] AMD Instinct MI300X
#  Rank  4 Group  0 Pid  89655 on SC-GT-Node1 device  4 [0000:ef:00] AMD Instinct MI300X
#  Rank  5 Group  0 Pid  89656 on SC-GT-Node1 device  5 [0000:ce:00] AMD Instinct MI300X
#  Rank  6 Group  0 Pid  89657 on SC-GT-Node1 device  6 [0000:8e:00] AMD Instinct MI300X
#  Rank  7 Group  0 Pid  89658 on SC-GT-Node1 device  7 [0000:ae:00] AMD Instinct MI300X
#  Rank  8 Group  0 Pid  67414 on SC-GT-Node4 device  0 [0000:0e:00] AMD Instinct MI325X
#  Rank  9 Group  0 Pid  67415 on SC-GT-Node4 device  1 [0000:6e:00] AMD Instinct MI325X
#  Rank 10 Group  0 Pid  67416 on SC-GT-Node4 device  2 [0000:4e:00] AMD Instinct MI325X
#  Rank 11 Group  0 Pid  67417 on SC-GT-Node4 device  3 [0000:2e:00] AMD Instinct MI325X
#  Rank 12 Group  0 Pid  67418 on SC-GT-Node4 device  4 [0000:ef:00] AMD Instinct MI325X
#  Rank 13 Group  0 Pid  67419 on SC-GT-Node4 device  5 [0000:ce:00] AMD Instinct MI325X
#  Rank 14 Group  0 Pid  67420 on SC-GT-Node4 device  6 [0000:8e:00] AMD Instinct MI325X
#  Rank 15 Group  0 Pid  67421 on SC-GT-Node4 device  7 [0000:ae:00] AMD Instinct MI325X
RCCL version : 2.27.7-Unknown 
HIP version  : 7.0.51831-7c9236b16
ROCm version : 7.0.2.0-56-9428210
Hostname     : SC-GT-Node1
Librccl path : /home/amd/vul-rccl/rccl/build/release/librccl.so.1.0
#
#                                                              out-of-place                       in-place          
#       size         count      type   redop    root     time   algbw   busbw #wrong     time   algbw   busbw #wrong                               
#        (B)    (elements)                               (us)  (GB/s)  (GB/s)            (us)  (GB/s)  (GB/s)                                      
           0             0     float    none      -1     0.15    0.00    0.00      0     0.08    0.00    0.00    N/A
           0             0     float    none      -1     0.06    0.00    0.00      0     0.07    0.00    0.00    N/A
           0             0     float    none      -1     0.07    0.00    0.00      0     0.08    0.00    0.00    N/A
           0             0     float    none      -1     0.07    0.00    0.00      0     0.07    0.00    0.00    N/A
         256             4     float    none      -1    40.12    0.01    0.01      0    41.00    0.01    0.01    N/A
         512             8     float    none      -1    38.95    0.01    0.01      0    39.15    0.01    0.01    N/A
        1024            16     float    none      -1    38.28    0.03    0.03      0    38.61    0.03    0.02    N/A
        2048            32     float    none      -1    37.98    0.05    0.05      0    38.51    0.05    0.05    N/A
        4096            64     float    none      -1    39.69    0.10    0.10      0    38.18    0.11    0.10    N/A
        8192           128     float    none      -1    38.74    0.21    0.20      0    38.20    0.21    0.20    N/A
       16384           256     float    none      -1    38.70    0.42    0.40      0    38.34    0.43    0.40    N/A
       32768           512     float    none      -1    38.28    0.86    0.80      0    38.46    0.85    0.80    N/A
       65536          1024     float    none      -1    40.72    1.61    1.51      0    40.54    1.62    1.52    N/A
      131072          2048     float    none      -1    39.71    3.30    3.09      0    39.19    3.34    3.14    N/A
      262144          4096     float    none      -1    40.17    6.53    6.12      0    40.42    6.49    6.08    N/A
      524288          8192     float    none      -1    43.23   12.13   11.37      0    43.68   12.00   11.25    N/A
     1048576         16384     float    none      -1    55.46   18.91   17.73      0    55.10   19.03   17.84    N/A
     2097152         32768     float    none      -1    71.47   29.34   27.51      0    71.08   29.51   27.66    N/A
     4194304         65536     float    none      -1    95.65   43.85   41.11      0    96.62   43.41   40.70    N/A
     8388608        131072     float    none      -1    147.0   57.06   53.49      0    147.6   56.83   53.28    N/A
    16777216        262144     float    none      -1    244.7   68.55   64.27      0    245.1   68.46   64.18    N/A
    33554432        524288     float    none      -1    458.2   73.23   68.65      0    454.8   73.77   69.16    N/A
    67108864       1048576     float    none      -1    822.6   81.58   76.48      0    840.2   79.87   74.88    N/A
   134217728       2097152     float    none      -1   1689.4   79.45   74.48      0   1595.4   84.13   78.87    N/A
   268435456       4194304     float    none      -1   3101.2   86.56   81.15      0   3067.4   87.51   82.04    N/A
   536870912       8388608     float    none      -1   6037.8   88.92   83.36      0   6025.3   89.10   83.53    N/A
  1073741824      16777216     float    none      -1    11962   89.76   84.15      0    11966   89.73   84.12    N/A
  2147483648      33554432     float    none      -1    23871   89.96   84.34      0    23860   90.00   84.38    N/A
  4294967296      67108864     float    none      -1    47826   89.80   84.19      0    47761   89.93   84.31    N/A
  8589934592     134217728     float    none      -1    95514   89.93   84.31      0    95594   89.86   84.24    N/A
 17179869184     268435456     float    none      -1   191326   89.79   84.18      0   190954   89.97   84.35    N/A
# Errors with asterisks indicate errors that have exceeded the maximum threshold.
# Out of bounds values : 0 OK
# Avg bus bandwidth    : 33.3905 
#
# Collective test concluded: alltoall_perf

Processing file: sackdelay_cc/temp_alltoall_iteration_1.txt
Iteration 1 Output for /home/amd/vul-rccl-benchmark/run-rccl.sh alltoallv:
Running alltoallv, qps 1 ...
Num nodes: 2
LIST ________________________roce_ai0_vip,roce_ai1_vip,roce_ai2_vip,roce_ai3_vip,roce_ai4_vip,roce_ai5_vip,roce_ai6_vip,roce_ai7_vip
+ /home/amd/vul-rccl/ompi_build/bin/mpirun --np 16 --allow-run-as-root -H 10.30.69.101:8,10.30.69.98:8 --bind-to numa -x NCCL_IB_GID_INDEX=1 -x NCCL_GDR_FLUSH_DISABLE=1 -x RCCL_GDR_FLUSH_GPU_MEM_NO_RELAXED_ORDERING=0 -x PATH=/home/amd/vul-rccl/ompi_build/bin:/opt/rocm/bin:/root/.local/bin:/root/bin:/usr/share/Modules/bin:/usr/local/sbin:/usr/local/bin:/usr/sbin:/usr/bin -x LD_LIBRARY_PATH=/home/amd/vul-rccl/rccl/build/release:/home/amd/vul-rccl/amd-anp-mp-new/build:/home/amd/vul-rccl/ompi_build/lib:/home/amd/vul-rccl/rccl/build/release/_deps/fmt-build: --mca btl '^vader,openib' -mca btl_tcp_if_include eth0 -x NCCL_SOCKET_IFNAME=eth0 -x NCCL_IB_QPS_PER_CONNECTION=1 -x NCCL_TOPO_DUMP_FILE=/tmp/system_run2.txt -x HSA_NO_SCRATCH_RECLAIM=1 -x NCCL_IB_TC=128 -x NCCL_IB_FIFO_TC=144 -x NCCL_IGNORE_CPU_AFFINITY=1 -x NCCL_PXN_DISABLE=1 -x NCCL_DMABUF_ENABLE=1 -x NCCL_DEBUG=VERSION -x RCCL_VIP_PIP_MAP_FILE=/home/amd/vul-rccl/vip_pip_mapping_gt_u.json -x NCCL_NET_OPTIONAL_RECV_COMPLETION=1 -x NCCL_IB_USE_INLINE=1 -x IONIC_LOCKFREE=all -x NCCL_IB_HCA=roce_ai0_vip,roce_ai1_vip,roce_ai2_vip,roce_ai3_vip,roce_ai4_vip,roce_ai5_vip,roce_ai6_vip,roce_ai7_vip -x NCCL_NET_PLUGIN=librccl-anp.so -x RCCL_DISABLE_RAIL_TREES=1 -x RCCL_LL128_FORCE_ENABLE=1 -x LD_PRELOAD=/home/amd/vul-rccl/rccl/build/release/librccl.so.1.0 /home/amd/vul-rccl/rccl-tests/build/alltoallv_perf -b 16 -e 16G -f 2 -g 1 -n 20 -c 1 -w 5
# Collective test starting: alltoallv_perf
# nThread 1 nGpus 1 minBytes 16 maxBytes 17179869184 step: 2(factor) warmup iters: 5 iters: 20 agg iters: 1 validation: 1 graph: 0
#
rccl-tests: Version develop_deprecated:40b1b17
# Using devices
#  Rank  0 Group  0 Pid  89891 on SC-GT-Node1 device  0 [0000:0e:00] AMD Instinct MI300X
#  Rank  1 Group  0 Pid  89892 on SC-GT-Node1 device  1 [0000:6e:00] AMD Instinct MI300X
#  Rank  2 Group  0 Pid  89893 on SC-GT-Node1 device  2 [0000:4e:00] AMD Instinct MI300X
#  Rank  3 Group  0 Pid  89894 on SC-GT-Node1 device  3 [0000:2e:00] AMD Instinct MI300X
#  Rank  4 Group  0 Pid  89895 on SC-GT-Node1 device  4 [0000:ef:00] AMD Instinct MI300X
#  Rank  5 Group  0 Pid  89896 on SC-GT-Node1 device  5 [0000:ce:00] AMD Instinct MI300X
#  Rank  6 Group  0 Pid  89897 on SC-GT-Node1 device  6 [0000:8e:00] AMD Instinct MI300X
#  Rank  7 Group  0 Pid  89898 on SC-GT-Node1 device  7 [0000:ae:00] AMD Instinct MI300X
#  Rank  8 Group  0 Pid  67686 on SC-GT-Node4 device  0 [0000:0e:00] AMD Instinct MI325X
#  Rank  9 Group  0 Pid  67687 on SC-GT-Node4 device  1 [0000:6e:00] AMD Instinct MI325X
#  Rank 10 Group  0 Pid  67688 on SC-GT-Node4 device  2 [0000:4e:00] AMD Instinct MI325X
#  Rank 11 Group  0 Pid  67689 on SC-GT-Node4 device  3 [0000:2e:00] AMD Instinct MI325X
#  Rank 12 Group  0 Pid  67690 on SC-GT-Node4 device  4 [0000:ef:00] AMD Instinct MI325X
#  Rank 13 Group  0 Pid  67691 on SC-GT-Node4 device  5 [0000:ce:00] AMD Instinct MI325X
#  Rank 14 Group  0 Pid  67692 on SC-GT-Node4 device  6 [0000:8e:00] AMD Instinct MI325X
#  Rank 15 Group  0 Pid  67693 on SC-GT-Node4 device  7 [0000:ae:00] AMD Instinct MI325X
RCCL version : 2.27.7-Unknown 
HIP version  : 7.0.51831-7c9236b16
ROCm version : 7.0.2.0-56-9428210
Hostname     : SC-GT-Node1
Librccl path : /home/amd/vul-rccl/rccl/build/release/librccl.so.1.0
#
#                                                              out-of-place                       in-place          
#       size         count      type   redop    root     time   algbw   busbw #wrong     time   algbw   busbw #wrong                               
#        (B)    (elements)                               (us)  (GB/s)  (GB/s)            (us)  (GB/s)  (GB/s)                                      
           0             0     float    none      -1     0.21    0.00    0.00      0     0.08    0.00    0.00    N/A
           0             0     float    none      -1     0.08    0.00    0.00      0     0.07    0.00    0.00    N/A
           0             0     float    none      -1     0.08    0.00    0.00      0     0.08    0.00    0.00    N/A
           0             0     float    none      -1     0.07    0.00    0.00      0     0.08    0.00    0.00    N/A
           0             0     float    none      -1     0.07    0.00    0.00      0     0.07    0.00    0.00    N/A
         512             8     float    none      -1    41.07    0.01    0.01      0    40.12    0.01    0.01    N/A
        1024            16     float    none      -1    38.52    0.03    0.02      0    38.51    0.03    0.02    N/A
        2048            32     float    none      -1    38.11    0.05    0.05      0    38.63    0.05    0.05    N/A
        4096            64     float    none      -1    38.12    0.11    0.10      0    38.10    0.11    0.10    N/A
        8192           128     float    none      -1    38.85    0.21    0.20      0    38.50    0.21    0.20    N/A
       16384           256     float    none      -1    39.94    0.41    0.38      0    38.79    0.42    0.40    N/A
       32768           512     float    none      -1    40.35    0.81    0.76      0    40.21    0.81    0.76    N/A
       65536          1024     float    none      -1    42.09    1.56    1.46      0    40.99    1.60    1.50    N/A
      131072          2048     float    none      -1    41.84    3.13    2.94      0    41.29    3.17    2.98    N/A
      262144          4096     float    none      -1    43.53    6.02    5.65      0    43.65    6.01    5.63    N/A
      524288          8192     float    none      -1    53.68    9.77    9.16      0    53.65    9.77    9.16    N/A
     1048576         16384     float    none      -1    67.68   15.49   14.53      0    68.05   15.41   14.45    N/A
     2097152         32768     float    none      -1    83.75   25.04   23.48      0    83.64   25.07   23.51    N/A
     4194304         65536     float    none      -1    120.3   34.86   32.68      0    120.2   34.90   32.72    N/A
     8388608        131072     float    none      -1    201.3   41.66   39.06      0    199.6   42.03   39.40    N/A
    16777216        262144     float    none      -1    327.1   51.30   48.09      0    326.2   51.43   48.21    N/A
    33554432        524288     float    none      -1    606.5   55.33   51.87      0    607.7   55.22   51.76    N/A
    67108864       1048576     float    none      -1   1190.6   56.37   52.84      0   1189.8   56.40   52.88    N/A
   134217728       2097152     float    none      -1   2374.9   56.51   52.98      0   2380.0   56.39   52.87    N/A
   268435456       4194304     float    none      -1   4862.1   55.21   51.76      0   4855.8   55.28   51.83    N/A
   536870912       8388608     float    none      -1   9871.2   54.39   50.99      0   9832.0   54.60   51.19    N/A
  1073741824      16777216     float    none      -1    19880   54.01   50.64      0    19869   54.04   50.66    N/A
  2147483648      33554432     float    none      -1    40113   53.54   50.19      0    40050   53.62   50.27    N/A
  4294967296      67108864     float    none      -1    80530   53.33   50.00      0    80732   53.20   49.88    N/A
  8589934592     134217728     float    none      -1   162001   53.02   49.71      0   161767   53.10   49.78    N/A
 17179869184     268435456     float    none      -1   324731   52.91   49.60      0   323991   53.03   49.71    N/A
# Errors with asterisks indicate errors that have exceeded the maximum threshold.
# Out of bounds values : 0 OK
# Avg bus bandwidth    : 22.2431 
#
# Collective test concluded: alltoallv_perf

Processing file: sackdelay_cc/temp_alltoallv_iteration_1.txt
Iteration 1 Output for /home/amd/vul-rccl-benchmark/run-rccl.sh reduce_scatter:
Running reduce_scatter, qps 1 ...
Num nodes: 2
LIST ________________________roce_ai0_vip,roce_ai1_vip,roce_ai2_vip,roce_ai3_vip,roce_ai4_vip,roce_ai5_vip,roce_ai6_vip,roce_ai7_vip
+ /home/amd/vul-rccl/ompi_build/bin/mpirun --np 16 --allow-run-as-root -H 10.30.69.101:8,10.30.69.98:8 --bind-to numa -x NCCL_IB_GID_INDEX=1 -x NCCL_GDR_FLUSH_DISABLE=1 -x RCCL_GDR_FLUSH_GPU_MEM_NO_RELAXED_ORDERING=0 -x PATH=/home/amd/vul-rccl/ompi_build/bin:/opt/rocm/bin:/root/.local/bin:/root/bin:/usr/share/Modules/bin:/usr/local/sbin:/usr/local/bin:/usr/sbin:/usr/bin -x LD_LIBRARY_PATH=/home/amd/vul-rccl/rccl/build/release:/home/amd/vul-rccl/amd-anp-mp-new/build:/home/amd/vul-rccl/ompi_build/lib:/home/amd/vul-rccl/rccl/build/release/_deps/fmt-build: --mca btl '^vader,openib' -mca btl_tcp_if_include eth0 -x NCCL_SOCKET_IFNAME=eth0 -x NCCL_IB_QPS_PER_CONNECTION=1 -x NCCL_TOPO_DUMP_FILE=/tmp/system_run2.txt -x HSA_NO_SCRATCH_RECLAIM=1 -x NCCL_IB_TC=128 -x NCCL_IB_FIFO_TC=144 -x NCCL_IGNORE_CPU_AFFINITY=1 -x NCCL_PXN_DISABLE=1 -x NCCL_DMABUF_ENABLE=1 -x NCCL_DEBUG=VERSION -x RCCL_VIP_PIP_MAP_FILE=/home/amd/vul-rccl/vip_pip_mapping_gt_u.json -x NCCL_NET_OPTIONAL_RECV_COMPLETION=1 -x NCCL_IB_USE_INLINE=1 -x IONIC_LOCKFREE=all -x NCCL_IB_HCA=roce_ai0_vip,roce_ai1_vip,roce_ai2_vip,roce_ai3_vip,roce_ai4_vip,roce_ai5_vip,roce_ai6_vip,roce_ai7_vip -x NCCL_NET_PLUGIN=librccl-anp.so -x RCCL_LL128_FORCE_ENABLE=1 -x LD_PRELOAD=/home/amd/vul-rccl/rccl/build/release/librccl.so.1.0 /home/amd/vul-rccl/rccl-tests/build/reduce_scatter_perf -b 16 -e 16G -f 2 -g 1 -n 20 -c 1 -w 5
# Collective test starting: reduce_scatter_perf
# nThread 1 nGpus 1 minBytes 16 maxBytes 17179869184 step: 2(factor) warmup iters: 5 iters: 20 agg iters: 1 validation: 1 graph: 0
#
rccl-tests: Version develop_deprecated:40b1b17
# Using devices
#  Rank  0 Group  0 Pid  90129 on SC-GT-Node1 device  0 [0000:0e:00] AMD Instinct MI300X
#  Rank  1 Group  0 Pid  90130 on SC-GT-Node1 device  1 [0000:6e:00] AMD Instinct MI300X
#  Rank  2 Group  0 Pid  90131 on SC-GT-Node1 device  2 [0000:4e:00] AMD Instinct MI300X
#  Rank  3 Group  0 Pid  90132 on SC-GT-Node1 device  3 [0000:2e:00] AMD Instinct MI300X
#  Rank  4 Group  0 Pid  90133 on SC-GT-Node1 device  4 [0000:ef:00] AMD Instinct MI300X
#  Rank  5 Group  0 Pid  90134 on SC-GT-Node1 device  5 [0000:ce:00] AMD Instinct MI300X
#  Rank  6 Group  0 Pid  90135 on SC-GT-Node1 device  6 [0000:8e:00] AMD Instinct MI300X
#  Rank  7 Group  0 Pid  90136 on SC-GT-Node1 device  7 [0000:ae:00] AMD Instinct MI300X
#  Rank  8 Group  0 Pid  67953 on SC-GT-Node4 device  0 [0000:0e:00] AMD Instinct MI325X
#  Rank  9 Group  0 Pid  67954 on SC-GT-Node4 device  1 [0000:6e:00] AMD Instinct MI325X
#  Rank 10 Group  0 Pid  67955 on SC-GT-Node4 device  2 [0000:4e:00] AMD Instinct MI325X
#  Rank 11 Group  0 Pid  67956 on SC-GT-Node4 device  3 [0000:2e:00] AMD Instinct MI325X
#  Rank 12 Group  0 Pid  67957 on SC-GT-Node4 device  4 [0000:ef:00] AMD Instinct MI325X
#  Rank 13 Group  0 Pid  67958 on SC-GT-Node4 device  5 [0000:ce:00] AMD Instinct MI325X
#  Rank 14 Group  0 Pid  67959 on SC-GT-Node4 device  6 [0000:8e:00] AMD Instinct MI325X
#  Rank 15 Group  0 Pid  67960 on SC-GT-Node4 device  7 [0000:ae:00] AMD Instinct MI325X
RCCL version : 2.27.7-Unknown 
HIP version  : 7.0.51831-7c9236b16
ROCm version : 7.0.2.0-56-9428210
Hostname     : SC-GT-Node1
Librccl path : /home/amd/vul-rccl/rccl/build/release/librccl.so.1.0
#
#                                                              out-of-place                       in-place          
#       size         count      type   redop    root     time   algbw   busbw #wrong     time   algbw   busbw #wrong                               
#        (B)    (elements)                               (us)  (GB/s)  (GB/s)            (us)  (GB/s)  (GB/s)                                      
           0             0     float     sum      -1     0.32    0.00    0.00      0     0.14    0.00    0.00      0
           0             0     float     sum      -1     0.15    0.00    0.00      0     0.13    0.00    0.00      0
           0             0     float     sum      -1     0.17    0.00    0.00      0     0.14    0.00    0.00      0
           0             0     float     sum      -1     0.13    0.00    0.00      0     0.12    0.00    0.00      0
         256             4     float     sum      -1    44.76    0.01    0.01      0    45.17    0.01    0.01      0
         512             8     float     sum      -1    45.30    0.01    0.01      0    44.40    0.01    0.01      0
        1024            16     float     sum      -1    44.55    0.02    0.02      0    45.12    0.02    0.02      0
        2048            32     float     sum      -1    44.71    0.05    0.04      0    45.01    0.05    0.04      0
        4096            64     float     sum      -1    46.13    0.09    0.08      0    44.93    0.09    0.09      0
        8192           128     float     sum      -1    45.63    0.18    0.17      0    48.61    0.17    0.16      0
       16384           256     float     sum      -1    46.25    0.35    0.33      0    46.59    0.35    0.33      0
       32768           512     float     sum      -1    48.40    0.68    0.63      0    48.31    0.68    0.64      0
       65536          1024     float     sum      -1    53.81    1.22    1.14      0    53.85    1.22    1.14      0
      131072          2048     float     sum      -1    55.26    2.37    2.22      0    54.33    2.41    2.26      0
      262144          4096     float     sum      -1    59.48    4.41    4.13      0    58.07    4.51    4.23      0
      524288          8192     float     sum      -1    62.66    8.37    7.84      0    62.24    8.42    7.90      0
     1048576         16384     float     sum      -1    75.71   13.85   12.98      0    74.32   14.11   13.23      0
     2097152         32768     float     sum      -1    131.7   15.93   14.93      0    128.3   16.34   15.32      0
     4194304         65536     float     sum      -1    136.6   30.70   28.78      0    136.9   30.64   28.73      0
     8388608        131072     float     sum      -1    138.6   60.54   56.75      0    138.5   60.56   56.77      0
    16777216        262144     float     sum      -1    163.6  102.55   96.15      0    159.8  104.99   98.43      0
    33554432        524288     float     sum      -1    200.2  167.63  157.15      0    200.5  167.37  156.91      0
    67108864       1048576     float     sum      -1    474.6  141.40  132.56      0    467.9  143.43  134.47      0
   134217728       2097152     float     sum      -1    523.7  256.30  240.28      0    524.1  256.10  240.09      0
   268435456       4194304     float     sum      -1    764.9  350.93  328.99      0    749.7  358.04  335.67      0
   536870912       8388608     float     sum      -1   1464.0  366.72  343.80      0   1419.9  378.12  354.48      0
  1073741824      16777216     float     sum      -1   2876.9  373.23  349.90      0   2801.5  383.27  359.32      0
  2147483648      33554432     float     sum      -1   5714.8  375.78  352.29      0   5559.0  386.31  362.16      0
  4294967296      67108864     float     sum      -1    11326  379.20  355.50      0    11104  386.81  362.63      0
  8589934592     134217728     float     sum      -1    22716  378.15  354.51      0    22590  380.25  356.49      0
 17179869184     268435456     float     sum      -1    46012  373.38  350.04      0    46057  373.02  349.70      0
# Errors with asterisks indicate errors that have exceeded the maximum threshold.
# Out of bounds values : 0 OK
# Avg bus bandwidth    : 103.75 
#
# Collective test concluded: reduce_scatter_perf

Processing file: sackdelay_cc/temp_reduce_scatter_iteration_1.txt
Iteration 1 Output for /home/amd/vul-rccl-benchmark/run-rccl.sh all_gather:
Running all_gather, qps 1 ...
Num nodes: 2
LIST ________________________roce_ai0_vip,roce_ai1_vip,roce_ai2_vip,roce_ai3_vip,roce_ai4_vip,roce_ai5_vip,roce_ai6_vip,roce_ai7_vip
+ /home/amd/vul-rccl/ompi_build/bin/mpirun --np 16 --allow-run-as-root -H 10.30.69.101:8,10.30.69.98:8 --bind-to numa -x NCCL_IB_GID_INDEX=1 -x NCCL_GDR_FLUSH_DISABLE=1 -x RCCL_GDR_FLUSH_GPU_MEM_NO_RELAXED_ORDERING=0 -x PATH=/home/amd/vul-rccl/ompi_build/bin:/opt/rocm/bin:/root/.local/bin:/root/bin:/usr/share/Modules/bin:/usr/local/sbin:/usr/local/bin:/usr/sbin:/usr/bin -x LD_LIBRARY_PATH=/home/amd/vul-rccl/rccl/build/release:/home/amd/vul-rccl/amd-anp-mp-new/build:/home/amd/vul-rccl/ompi_build/lib:/home/amd/vul-rccl/rccl/build/release/_deps/fmt-build: --mca btl '^vader,openib' -mca btl_tcp_if_include eth0 -x NCCL_SOCKET_IFNAME=eth0 -x NCCL_IB_QPS_PER_CONNECTION=1 -x NCCL_TOPO_DUMP_FILE=/tmp/system_run2.txt -x HSA_NO_SCRATCH_RECLAIM=1 -x NCCL_IB_TC=128 -x NCCL_IB_FIFO_TC=144 -x NCCL_IGNORE_CPU_AFFINITY=1 -x NCCL_PXN_DISABLE=1 -x NCCL_DMABUF_ENABLE=1 -x NCCL_DEBUG=VERSION -x RCCL_VIP_PIP_MAP_FILE=/home/amd/vul-rccl/vip_pip_mapping_gt_u.json -x NCCL_NET_OPTIONAL_RECV_COMPLETION=1 -x NCCL_IB_USE_INLINE=1 -x IONIC_LOCKFREE=all -x NCCL_IB_HCA=roce_ai0_vip,roce_ai1_vip,roce_ai2_vip,roce_ai3_vip,roce_ai4_vip,roce_ai5_vip,roce_ai6_vip,roce_ai7_vip -x NCCL_NET_PLUGIN=librccl-anp.so -x RCCL_LL128_FORCE_ENABLE=1 -x LD_PRELOAD=/home/amd/vul-rccl/rccl/build/release/librccl.so.1.0 /home/amd/vul-rccl/rccl-tests/build/all_gather_perf -b 16 -e 16G -f 2 -g 1 -n 20 -c 1 -w 5
# Collective test starting: all_gather_perf
# nThread 1 nGpus 1 minBytes 16 maxBytes 17179869184 step: 2(factor) warmup iters: 5 iters: 20 agg iters: 1 validation: 1 graph: 0
#
rccl-tests: Version develop_deprecated:40b1b17
# Using devices
#  Rank  0 Group  0 Pid  90341 on SC-GT-Node1 device  0 [0000:0e:00] AMD Instinct MI300X
#  Rank  1 Group  0 Pid  90342 on SC-GT-Node1 device  1 [0000:6e:00] AMD Instinct MI300X
#  Rank  2 Group  0 Pid  90343 on SC-GT-Node1 device  2 [0000:4e:00] AMD Instinct MI300X
#  Rank  3 Group  0 Pid  90344 on SC-GT-Node1 device  3 [0000:2e:00] AMD Instinct MI300X
#  Rank  4 Group  0 Pid  90345 on SC-GT-Node1 device  4 [0000:ef:00] AMD Instinct MI300X
#  Rank  5 Group  0 Pid  90346 on SC-GT-Node1 device  5 [0000:ce:00] AMD Instinct MI300X
#  Rank  6 Group  0 Pid  90347 on SC-GT-Node1 device  6 [0000:8e:00] AMD Instinct MI300X
#  Rank  7 Group  0 Pid  90348 on SC-GT-Node1 device  7 [0000:ae:00] AMD Instinct MI300X
#  Rank  8 Group  0 Pid  68188 on SC-GT-Node4 device  0 [0000:0e:00] AMD Instinct MI325X
#  Rank  9 Group  0 Pid  68189 on SC-GT-Node4 device  1 [0000:6e:00] AMD Instinct MI325X
#  Rank 10 Group  0 Pid  68190 on SC-GT-Node4 device  2 [0000:4e:00] AMD Instinct MI325X
#  Rank 11 Group  0 Pid  68191 on SC-GT-Node4 device  3 [0000:2e:00] AMD Instinct MI325X
#  Rank 12 Group  0 Pid  68192 on SC-GT-Node4 device  4 [0000:ef:00] AMD Instinct MI325X
#  Rank 13 Group  0 Pid  68193 on SC-GT-Node4 device  5 [0000:ce:00] AMD Instinct MI325X
#  Rank 14 Group  0 Pid  68194 on SC-GT-Node4 device  6 [0000:8e:00] AMD Instinct MI325X
#  Rank 15 Group  0 Pid  68195 on SC-GT-Node4 device  7 [0000:ae:00] AMD Instinct MI325X
RCCL version : 2.27.7-Unknown 
HIP version  : 7.0.51831-7c9236b16
ROCm version : 7.0.2.0-56-9428210
Hostname     : SC-GT-Node1
Librccl path : /home/amd/vul-rccl/rccl/build/release/librccl.so.1.0
#
#                                                              out-of-place                       in-place          
#       size         count      type   redop    root     time   algbw   busbw #wrong     time   algbw   busbw #wrong                               
#        (B)    (elements)                               (us)  (GB/s)  (GB/s)            (us)  (GB/s)  (GB/s)                                      
           0             0     float    none      -1     0.15    0.00    0.00      0     0.09    0.00    0.00      0
           0             0     float    none      -1     0.09    0.00    0.00      0     0.09    0.00    0.00      0
           0             0     float    none      -1     0.09    0.00    0.00      0     0.09    0.00    0.00      0
           0             0     float    none      -1     0.09    0.00    0.00      0     0.09    0.00    0.00      0
         256             4     float    none      -1    42.41    0.01    0.01      0    39.45    0.01    0.01      0
         512             8     float    none      -1    38.14    0.01    0.01      0    38.56    0.01    0.01      0
        1024            16     float    none      -1    37.99    0.03    0.03      0    43.69    0.02    0.02      0
        2048            32     float    none      -1    38.26    0.05    0.05      0    38.25    0.05    0.05      0
        4096            64     float    none      -1    37.60    0.11    0.10      0    38.19    0.11    0.10      0
        8192           128     float    none      -1    38.67    0.21    0.20      0    44.53    0.18    0.17      0
       16384           256     float    none      -1    37.70    0.43    0.41      0    38.12    0.43    0.40      0
       32768           512     float    none      -1    38.19    0.86    0.80      0    38.52    0.85    0.80      0
       65536          1024     float    none      -1    39.91    1.64    1.54      0    39.58    1.66    1.55      0
      131072          2048     float    none      -1    39.11    3.35    3.14      0    39.51    3.32    3.11      0
      262144          4096     float    none      -1    40.83    6.42    6.02      0    40.53    6.47    6.06      0
      524288          8192     float    none      -1    43.45   12.07   11.31      0    46.53   11.27   10.56      0
     1048576         16384     float    none      -1    54.96   19.08   17.88      0    59.00   17.77   16.66      0
     2097152         32768     float    none      -1    74.71   28.07   26.32      0    74.64   28.10   26.34      0
     4194304         65536     float    none      -1    101.7   41.24   38.67      0    97.18   43.16   40.46      0
     8388608        131072     float    none      -1    120.7   69.49   65.15      0    118.9   70.54   66.13      0
    16777216        262144     float    none      -1    160.1  104.82   98.26      0    153.0  109.65  102.79      0
    33554432        524288     float    none      -1    176.7  189.92  178.05      0    173.5  193.35  181.27      0
    67108864       1048576     float    none      -1    340.2  197.29  184.96      0    336.6  199.40  186.93      0
   134217728       2097152     float    none      -1    518.8  258.73  242.56      0    514.8  260.74  244.44      0
   268435456       4194304     float    none      -1    767.2  349.89  328.02      0    764.3  351.20  329.25      0
   536870912       8388608     float    none      -1   1490.2  360.27  337.76      0   1480.9  362.54  339.88      0
  1073741824      16777216     float    none      -1   2939.0  365.34  342.50      0   2927.2  366.82  343.89      0
  2147483648      33554432     float    none      -1   5846.3  367.32  344.36      0   5817.6  369.13  346.06      0
  4294967296      67108864     float    none      -1    11546  371.97  348.72      0    11549  371.90  348.65      0
  8589934592     134217728     float    none      -1    22916  374.84  351.42      0    23025  373.07  349.76      0
 17179869184     268435456     float    none      -1    45652  376.32  352.80      0    46185  371.98  348.73      0
# Errors with asterisks indicate errors that have exceeded the maximum threshold.
# Out of bounds values : 0 OK
# Avg bus bandwidth    : 106.051 
#
# Collective test concluded: all_gather_perf

Processing file: sackdelay_cc/temp_all_gather_iteration_1.txt
creating output for all_reduce
creating output for alltoall
creating output for alltoallv
creating output for reduce_scatter
creating output for all_gather
Processed data saved to enhanced Excel file: sackdelay_cc/sackdelay_cc.xlsx.
