Iteration 1 Output for /home/amd/vul-rccl-benchmark/run-rccl.sh all_reduce:
Running all_reduce, qps 1 ...
Num nodes: 2
LIST ________________________roce_ai0_vip,roce_ai1_vip,roce_ai2_vip,roce_ai3_vip,roce_ai4_vip,roce_ai5_vip,roce_ai6_vip,roce_ai7_vip
+ /home/amd/vul-rccl/ompi_build/bin/mpirun --np 16 --allow-run-as-root -H 10.30.69.101:8,10.30.69.98:8 --bind-to numa -x NCCL_IB_GID_INDEX=1 -x NCCL_GDR_FLUSH_DISABLE=1 -x RCCL_GDR_FLUSH_GPU_MEM_NO_RELAXED_ORDERING=0 -x PATH=/home/amd/vul-rccl/ompi_build/bin:/opt/rocm/bin:/root/.local/bin:/root/bin:/usr/share/Modules/bin:/usr/local/sbin:/usr/local/bin:/usr/sbin:/usr/bin -x LD_LIBRARY_PATH=/home/amd/vul-rccl/rccl/build/release:/home/amd/vul-rccl/amd-anp-mp-new/build:/home/amd/vul-rccl/ompi_build/lib:/home/amd/vul-rccl/rccl/build/release/_deps/fmt-build: --mca btl '^vader,openib' -mca btl_tcp_if_include eth0 -x NCCL_SOCKET_IFNAME=eth0 -x NCCL_IB_QPS_PER_CONNECTION=1 -x NCCL_TOPO_DUMP_FILE=/tmp/system_run2.txt -x HSA_NO_SCRATCH_RECLAIM=1 -x NCCL_IB_TC=128 -x NCCL_IB_FIFO_TC=144 -x NCCL_IGNORE_CPU_AFFINITY=1 -x NCCL_PXN_DISABLE=1 -x NCCL_DMABUF_ENABLE=1 -x NCCL_DEBUG=VERSION -x RCCL_VIP_PIP_MAP_FILE=/home/amd/vul-rccl/vip_pip_mapping_gt_u.json -x NCCL_NET_OPTIONAL_RECV_COMPLETION=1 -x NCCL_IB_USE_INLINE=1 -x IONIC_LOCKFREE=all -x NCCL_IB_HCA=roce_ai0_vip,roce_ai1_vip,roce_ai2_vip,roce_ai3_vip,roce_ai4_vip,roce_ai5_vip,roce_ai6_vip,roce_ai7_vip -x NCCL_NET_PLUGIN=librccl-anp.so -x RCCL_LL128_FORCE_ENABLE=1 -x LD_PRELOAD=/home/amd/vul-rccl/rccl/build/release/librccl.so.1.0 /home/amd/vul-rccl/rccl-tests/build/all_reduce_perf -b 16 -e 16G -f 2 -g 1 -n 20 -c 1 -w 5
# Collective test starting: all_reduce_perf
# nThread 1 nGpus 1 minBytes 16 maxBytes 17179869184 step: 2(factor) warmup iters: 5 iters: 20 agg iters: 1 validation: 1 graph: 0
#
rccl-tests: Version develop_deprecated:40b1b17
# Using devices
#  Rank  0 Group  0 Pid  75615 on SC-GT-Node1 device  0 [0000:0e:00] AMD Instinct MI300X
#  Rank  1 Group  0 Pid  75616 on SC-GT-Node1 device  1 [0000:6e:00] AMD Instinct MI300X
#  Rank  2 Group  0 Pid  75617 on SC-GT-Node1 device  2 [0000:4e:00] AMD Instinct MI300X
#  Rank  3 Group  0 Pid  75618 on SC-GT-Node1 device  3 [0000:2e:00] AMD Instinct MI300X
#  Rank  4 Group  0 Pid  75619 on SC-GT-Node1 device  4 [0000:ef:00] AMD Instinct MI300X
#  Rank  5 Group  0 Pid  75620 on SC-GT-Node1 device  5 [0000:ce:00] AMD Instinct MI300X
#  Rank  6 Group  0 Pid  75621 on SC-GT-Node1 device  6 [0000:8e:00] AMD Instinct MI300X
#  Rank  7 Group  0 Pid  75622 on SC-GT-Node1 device  7 [0000:ae:00] AMD Instinct MI300X
#  Rank  8 Group  0 Pid  55018 on SC-GT-Node4 device  0 [0000:0e:00] AMD Instinct MI325X
#  Rank  9 Group  0 Pid  55019 on SC-GT-Node4 device  1 [0000:6e:00] AMD Instinct MI325X
#  Rank 10 Group  0 Pid  55020 on SC-GT-Node4 device  2 [0000:4e:00] AMD Instinct MI325X
#  Rank 11 Group  0 Pid  55021 on SC-GT-Node4 device  3 [0000:2e:00] AMD Instinct MI325X
#  Rank 12 Group  0 Pid  55022 on SC-GT-Node4 device  4 [0000:ef:00] AMD Instinct MI325X
#  Rank 13 Group  0 Pid  55023 on SC-GT-Node4 device  5 [0000:ce:00] AMD Instinct MI325X
#  Rank 14 Group  0 Pid  55024 on SC-GT-Node4 device  6 [0000:8e:00] AMD Instinct MI325X
#  Rank 15 Group  0 Pid  55025 on SC-GT-Node4 device  7 [0000:ae:00] AMD Instinct MI325X
RCCL version : 2.27.7-Unknown 
HIP version  : 7.0.51831-7c9236b16
ROCm version : 7.0.2.0-56-9428210
Hostname     : SC-GT-Node1
Librccl path : /home/amd/vul-rccl/rccl/build/release/librccl.so.1.0
#
#                                                              out-of-place                       in-place          
#       size         count      type   redop    root     time   algbw   busbw #wrong     time   algbw   busbw #wrong                               
#        (B)    (elements)                               (us)  (GB/s)  (GB/s)            (us)  (GB/s)  (GB/s)                                      
          16             4     float     sum      -1    39.23    0.00    0.00      0    36.32    0.00    0.00      0
          32             8     float     sum      -1    37.23    0.00    0.00      0    36.33    0.00    0.00      0
          64            16     float     sum      -1    37.22    0.00    0.00      0    37.21    0.00    0.00      0
         128            32     float     sum      -1    36.93    0.00    0.01      0    41.69    0.00    0.01      0
         256            64     float     sum      -1    37.35    0.01    0.01      0    39.62    0.01    0.01      0
         512           128     float     sum      -1    38.36    0.01    0.03      0    38.45    0.01    0.02      0
        1024           256     float     sum      -1    39.65    0.03    0.05      0    39.57    0.03    0.05      0
        2048           512     float     sum      -1    43.25    0.05    0.09      0    43.09    0.05    0.09      0
        4096          1024     float     sum      -1    44.56    0.09    0.17      0    46.74    0.09    0.16      0
        8192          2048     float     sum      -1    44.84    0.18    0.34      0    44.13    0.19    0.35      0
       16384          4096     float     sum      -1    44.52    0.37    0.69      0    43.97    0.37    0.70      0
       32768          8192     float     sum      -1    44.57    0.74    1.38      0    45.59    0.72    1.35      0
       65536         16384     float     sum      -1    48.44    1.35    2.54      0    47.88    1.37    2.57      0
      131072         32768     float     sum      -1    58.23    2.25    4.22      0    48.79    2.69    5.04      0
      262144         65536     float     sum      -1    59.66    4.39    8.24      0    55.74    4.70    8.82      0
      524288        131072     float     sum      -1    73.24    7.16   13.42      0    75.36    6.96   13.05      0
     1048576        262144     float     sum      -1    96.11   10.91   20.46      0    95.85   10.94   20.51      0
     2097152        524288     float     sum      -1    104.3   20.10   37.69      0    107.1   19.58   36.71      0
     4194304       1048576     float     sum      -1    120.3   34.85   65.35      0    121.9   34.42   64.53      0
     8388608       2097152     float     sum      -1    166.3   50.43   94.56      0    166.2   50.47   94.64      0
    16777216       4194304     float     sum      -1    265.5   63.20  118.50      0    278.0   60.36  113.17      0
    33554432       8388608     float     sum      -1    409.9   81.86  153.49      0    410.5   81.74  153.26      0
    67108864      16777216     float     sum      -1    613.3  109.43  205.18      0    617.0  108.76  203.93      0
   134217728      33554432     float     sum      -1   1032.4  130.01  243.76      0   1004.2  133.66  250.61      0
   268435456      67108864     float     sum      -1   1545.0  173.74  325.77      0   1528.5  175.63  329.30      0
   536870912     134217728     float     sum      -1   2944.2  182.35  341.90      0   2938.2  182.72  342.61      0
  1073741824     268435456     float     sum      -1   5843.1  183.76  344.55      0   5847.7  183.62  344.28      0
  2147483648     536870912     float     sum      -1    11637  184.54  346.01      0    11648  184.36  345.68      0
  4294967296    1073741824     float     sum      -1    23110  185.85  348.47      0    23107  185.87  348.51      0
  8589934592    2147483648     float     sum      -1    46006  186.71  350.09      0    46008  186.71  350.08      0
 17179869184    4294967296     float     sum      -1    91768  187.21  351.02      0    91781  187.18  350.97      0
# Errors with asterisks indicate errors that have exceeded the maximum threshold.
# Out of bounds values : 0 OK
# Avg bus bandwidth    : 109.016 
#
# Collective test concluded: all_reduce_perf

Processing file: sanity_rcn/temp_all_reduce_iteration_1.txt
Iteration 1 Output for /home/amd/vul-rccl-benchmark/run-rccl.sh alltoall:
Running alltoall, qps 1 ...
Num nodes: 2
LIST ________________________roce_ai0_vip,roce_ai1_vip,roce_ai2_vip,roce_ai3_vip,roce_ai4_vip,roce_ai5_vip,roce_ai6_vip,roce_ai7_vip
+ /home/amd/vul-rccl/ompi_build/bin/mpirun --np 16 --allow-run-as-root -H 10.30.69.101:8,10.30.69.98:8 --bind-to numa -x NCCL_IB_GID_INDEX=1 -x NCCL_GDR_FLUSH_DISABLE=1 -x RCCL_GDR_FLUSH_GPU_MEM_NO_RELAXED_ORDERING=0 -x PATH=/home/amd/vul-rccl/ompi_build/bin:/opt/rocm/bin:/root/.local/bin:/root/bin:/usr/share/Modules/bin:/usr/local/sbin:/usr/local/bin:/usr/sbin:/usr/bin -x LD_LIBRARY_PATH=/home/amd/vul-rccl/rccl/build/release:/home/amd/vul-rccl/amd-anp-mp-new/build:/home/amd/vul-rccl/ompi_build/lib:/home/amd/vul-rccl/rccl/build/release/_deps/fmt-build: --mca btl '^vader,openib' -mca btl_tcp_if_include eth0 -x NCCL_SOCKET_IFNAME=eth0 -x NCCL_IB_QPS_PER_CONNECTION=1 -x NCCL_TOPO_DUMP_FILE=/tmp/system_run2.txt -x HSA_NO_SCRATCH_RECLAIM=1 -x NCCL_IB_TC=128 -x NCCL_IB_FIFO_TC=144 -x NCCL_IGNORE_CPU_AFFINITY=1 -x NCCL_PXN_DISABLE=1 -x NCCL_DMABUF_ENABLE=1 -x NCCL_DEBUG=VERSION -x RCCL_VIP_PIP_MAP_FILE=/home/amd/vul-rccl/vip_pip_mapping_gt_u.json -x NCCL_NET_OPTIONAL_RECV_COMPLETION=1 -x NCCL_IB_USE_INLINE=1 -x IONIC_LOCKFREE=all -x NCCL_IB_HCA=roce_ai0_vip,roce_ai1_vip,roce_ai2_vip,roce_ai3_vip,roce_ai4_vip,roce_ai5_vip,roce_ai6_vip,roce_ai7_vip -x NCCL_NET_PLUGIN=librccl-anp.so -x RCCL_DISABLE_RAIL_TREES=1 -x LD_PRELOAD=/home/amd/vul-rccl/rccl/build/release/librccl.so.1.0 /home/amd/vul-rccl/rccl-tests/build/alltoall_perf -b 16 -e 16G -f 2 -g 1 -n 20 -c 1 -w 5
# Collective test starting: alltoall_perf
# nThread 1 nGpus 1 minBytes 16 maxBytes 17179869184 step: 2(factor) warmup iters: 5 iters: 20 agg iters: 1 validation: 1 graph: 0
#
rccl-tests: Version develop_deprecated:40b1b17
# Using devices
#  Rank  0 Group  0 Pid  75901 on SC-GT-Node1 device  0 [0000:0e:00] AMD Instinct MI300X
#  Rank  1 Group  0 Pid  75902 on SC-GT-Node1 device  1 [0000:6e:00] AMD Instinct MI300X
#  Rank  2 Group  0 Pid  75903 on SC-GT-Node1 device  2 [0000:4e:00] AMD Instinct MI300X
#  Rank  3 Group  0 Pid  75904 on SC-GT-Node1 device  3 [0000:2e:00] AMD Instinct MI300X
#  Rank  4 Group  0 Pid  75905 on SC-GT-Node1 device  4 [0000:ef:00] AMD Instinct MI300X
#  Rank  5 Group  0 Pid  75906 on SC-GT-Node1 device  5 [0000:ce:00] AMD Instinct MI300X
#  Rank  6 Group  0 Pid  75907 on SC-GT-Node1 device  6 [0000:8e:00] AMD Instinct MI300X
#  Rank  7 Group  0 Pid  75908 on SC-GT-Node1 device  7 [0000:ae:00] AMD Instinct MI300X
#  Rank  8 Group  0 Pid  55335 on SC-GT-Node4 device  0 [0000:0e:00] AMD Instinct MI325X
#  Rank  9 Group  0 Pid  55336 on SC-GT-Node4 device  1 [0000:6e:00] AMD Instinct MI325X
#  Rank 10 Group  0 Pid  55337 on SC-GT-Node4 device  2 [0000:4e:00] AMD Instinct MI325X
#  Rank 11 Group  0 Pid  55338 on SC-GT-Node4 device  3 [0000:2e:00] AMD Instinct MI325X
#  Rank 12 Group  0 Pid  55339 on SC-GT-Node4 device  4 [0000:ef:00] AMD Instinct MI325X
#  Rank 13 Group  0 Pid  55340 on SC-GT-Node4 device  5 [0000:ce:00] AMD Instinct MI325X
#  Rank 14 Group  0 Pid  55341 on SC-GT-Node4 device  6 [0000:8e:00] AMD Instinct MI325X
#  Rank 15 Group  0 Pid  55342 on SC-GT-Node4 device  7 [0000:ae:00] AMD Instinct MI325X
RCCL version : 2.27.7-Unknown 
HIP version  : 7.0.51831-7c9236b16
ROCm version : 7.0.2.0-56-9428210
Hostname     : SC-GT-Node1
Librccl path : /home/amd/vul-rccl/rccl/build/release/librccl.so.1.0
#
#                                                              out-of-place                       in-place          
#       size         count      type   redop    root     time   algbw   busbw #wrong     time   algbw   busbw #wrong                               
#        (B)    (elements)                               (us)  (GB/s)  (GB/s)            (us)  (GB/s)  (GB/s)                                      
           0             0     float    none      -1     0.14    0.00    0.00      0     0.07    0.00    0.00    N/A
           0             0     float    none      -1     0.07    0.00    0.00      0     0.07    0.00    0.00    N/A
           0             0     float    none      -1     0.07    0.00    0.00      0     0.07    0.00    0.00    N/A
           0             0     float    none      -1     0.07    0.00    0.00      0     0.07    0.00    0.00    N/A
         256             4     float    none      -1    40.34    0.01    0.01      0    39.94    0.01    0.01    N/A
         512             8     float    none      -1    37.57    0.01    0.01      0    38.76    0.01    0.01    N/A
        1024            16     float    none      -1    38.11    0.03    0.03      0    40.56    0.03    0.02    N/A
        2048            32     float    none      -1    38.93    0.05    0.05      0    40.63    0.05    0.05    N/A
        4096            64     float    none      -1    38.08    0.11    0.10      0    38.71    0.11    0.10    N/A
        8192           128     float    none      -1    39.61    0.21    0.19      0    38.08    0.22    0.20    N/A
       16384           256     float    none      -1    37.67    0.43    0.41      0    38.07    0.43    0.40    N/A
       32768           512     float    none      -1    39.56    0.83    0.78      0    40.14    0.82    0.77    N/A
       65536          1024     float    none      -1    40.73    1.61    1.51      0    41.95    1.56    1.46    N/A
      131072          2048     float    none      -1    40.72    3.22    3.02      0    40.08    3.27    3.07    N/A
      262144          4096     float    none      -1    40.45    6.48    6.08      0    41.79    6.27    5.88    N/A
      524288          8192     float    none      -1    44.07   11.90   11.15      0    45.28   11.58   10.85    N/A
     1048576         16384     float    none      -1    56.30   18.63   17.46      0    56.08   18.70   17.53    N/A
     2097152         32768     float    none      -1    72.96   28.74   26.95      0    71.89   29.17   27.35    N/A
     4194304         65536     float    none      -1    105.6   39.71   37.23      0    108.1   38.81   36.38    N/A
     8388608        131072     float    none      -1    161.7   51.88   48.63      0    161.0   52.10   48.84    N/A
    16777216        262144     float    none      -1    261.8   64.09   60.09      0    261.9   64.07   60.07    N/A
    33554432        524288     float    none      -1    459.7   73.00   68.44      0    461.1   72.77   68.22    N/A
    67108864       1048576     float    none      -1    834.7   80.40   75.38      0    837.8   80.10   75.09    N/A
   134217728       2097152     float    none      -1   1617.5   82.98   77.79      0   1581.8   84.85   79.55    N/A
   268435456       4194304     float    none      -1   3085.9   86.99   81.55      0   3080.9   87.13   81.68    N/A
   536870912       8388608     float    none      -1   6121.8   87.70   82.22      0   6116.1   87.78   82.29    N/A
  1073741824      16777216     float    none      -1    12202   88.00   82.50      0    12202   88.00   82.50    N/A
  2147483648      33554432     float    none      -1    24360   88.16   82.65      0    24384   88.07   82.56    N/A
  4294967296      67108864     float    none      -1    48566   88.44   82.91      0    48583   88.41   82.88    N/A
  8589934592     134217728     float    none      -1    96959   88.59   83.06      0    96993   88.56   83.03    N/A
 17179869184     268435456     float    none      -1   193692   88.70   83.15      0   193687   88.70   83.16    N/A
# Errors with asterisks indicate errors that have exceeded the maximum threshold.
# Out of bounds values : 0 OK
# Avg bus bandwidth    : 32.6981 
#
# Collective test concluded: alltoall_perf

Processing file: sanity_rcn/temp_alltoall_iteration_1.txt
Iteration 1 Output for /home/amd/vul-rccl-benchmark/run-rccl.sh alltoallv:
Running alltoallv, qps 1 ...
Num nodes: 2
LIST ________________________roce_ai0_vip,roce_ai1_vip,roce_ai2_vip,roce_ai3_vip,roce_ai4_vip,roce_ai5_vip,roce_ai6_vip,roce_ai7_vip
+ /home/amd/vul-rccl/ompi_build/bin/mpirun --np 16 --allow-run-as-root -H 10.30.69.101:8,10.30.69.98:8 --bind-to numa -x NCCL_IB_GID_INDEX=1 -x NCCL_GDR_FLUSH_DISABLE=1 -x RCCL_GDR_FLUSH_GPU_MEM_NO_RELAXED_ORDERING=0 -x PATH=/home/amd/vul-rccl/ompi_build/bin:/opt/rocm/bin:/root/.local/bin:/root/bin:/usr/share/Modules/bin:/usr/local/sbin:/usr/local/bin:/usr/sbin:/usr/bin -x LD_LIBRARY_PATH=/home/amd/vul-rccl/rccl/build/release:/home/amd/vul-rccl/amd-anp-mp-new/build:/home/amd/vul-rccl/ompi_build/lib:/home/amd/vul-rccl/rccl/build/release/_deps/fmt-build: --mca btl '^vader,openib' -mca btl_tcp_if_include eth0 -x NCCL_SOCKET_IFNAME=eth0 -x NCCL_IB_QPS_PER_CONNECTION=1 -x NCCL_TOPO_DUMP_FILE=/tmp/system_run2.txt -x HSA_NO_SCRATCH_RECLAIM=1 -x NCCL_IB_TC=128 -x NCCL_IB_FIFO_TC=144 -x NCCL_IGNORE_CPU_AFFINITY=1 -x NCCL_PXN_DISABLE=1 -x NCCL_DMABUF_ENABLE=1 -x NCCL_DEBUG=VERSION -x RCCL_VIP_PIP_MAP_FILE=/home/amd/vul-rccl/vip_pip_mapping_gt_u.json -x NCCL_NET_OPTIONAL_RECV_COMPLETION=1 -x NCCL_IB_USE_INLINE=1 -x IONIC_LOCKFREE=all -x NCCL_IB_HCA=roce_ai0_vip,roce_ai1_vip,roce_ai2_vip,roce_ai3_vip,roce_ai4_vip,roce_ai5_vip,roce_ai6_vip,roce_ai7_vip -x NCCL_NET_PLUGIN=librccl-anp.so -x RCCL_DISABLE_RAIL_TREES=1 -x RCCL_LL128_FORCE_ENABLE=1 -x LD_PRELOAD=/home/amd/vul-rccl/rccl/build/release/librccl.so.1.0 /home/amd/vul-rccl/rccl-tests/build/alltoallv_perf -b 16 -e 16G -f 2 -g 1 -n 20 -c 1 -w 5
# Collective test starting: alltoallv_perf
# nThread 1 nGpus 1 minBytes 16 maxBytes 17179869184 step: 2(factor) warmup iters: 5 iters: 20 agg iters: 1 validation: 1 graph: 0
#
rccl-tests: Version develop_deprecated:40b1b17
# Using devices
#  Rank  0 Group  0 Pid  76142 on SC-GT-Node1 device  0 [0000:0e:00] AMD Instinct MI300X
#  Rank  1 Group  0 Pid  76143 on SC-GT-Node1 device  1 [0000:6e:00] AMD Instinct MI300X
#  Rank  2 Group  0 Pid  76144 on SC-GT-Node1 device  2 [0000:4e:00] AMD Instinct MI300X
#  Rank  3 Group  0 Pid  76145 on SC-GT-Node1 device  3 [0000:2e:00] AMD Instinct MI300X
#  Rank  4 Group  0 Pid  76146 on SC-GT-Node1 device  4 [0000:ef:00] AMD Instinct MI300X
#  Rank  5 Group  0 Pid  76147 on SC-GT-Node1 device  5 [0000:ce:00] AMD Instinct MI300X
#  Rank  6 Group  0 Pid  76148 on SC-GT-Node1 device  6 [0000:8e:00] AMD Instinct MI300X
#  Rank  7 Group  0 Pid  76149 on SC-GT-Node1 device  7 [0000:ae:00] AMD Instinct MI300X
#  Rank  8 Group  0 Pid  55596 on SC-GT-Node4 device  0 [0000:0e:00] AMD Instinct MI325X
#  Rank  9 Group  0 Pid  55597 on SC-GT-Node4 device  1 [0000:6e:00] AMD Instinct MI325X
#  Rank 10 Group  0 Pid  55598 on SC-GT-Node4 device  2 [0000:4e:00] AMD Instinct MI325X
#  Rank 11 Group  0 Pid  55599 on SC-GT-Node4 device  3 [0000:2e:00] AMD Instinct MI325X
#  Rank 12 Group  0 Pid  55600 on SC-GT-Node4 device  4 [0000:ef:00] AMD Instinct MI325X
#  Rank 13 Group  0 Pid  55601 on SC-GT-Node4 device  5 [0000:ce:00] AMD Instinct MI325X
#  Rank 14 Group  0 Pid  55602 on SC-GT-Node4 device  6 [0000:8e:00] AMD Instinct MI325X
#  Rank 15 Group  0 Pid  55603 on SC-GT-Node4 device  7 [0000:ae:00] AMD Instinct MI325X
RCCL version : 2.27.7-Unknown 
HIP version  : 7.0.51831-7c9236b16
ROCm version : 7.0.2.0-56-9428210
Hostname     : SC-GT-Node1
Librccl path : /home/amd/vul-rccl/rccl/build/release/librccl.so.1.0
#
#                                                              out-of-place                       in-place          
#       size         count      type   redop    root     time   algbw   busbw #wrong     time   algbw   busbw #wrong                               
#        (B)    (elements)                               (us)  (GB/s)  (GB/s)            (us)  (GB/s)  (GB/s)                                      
           0             0     float    none      -1     0.24    0.00    0.00      0     0.07    0.00    0.00    N/A
           0             0     float    none      -1     0.08    0.00    0.00      0     0.07    0.00    0.00    N/A
           0             0     float    none      -1     0.07    0.00    0.00      0     0.08    0.00    0.00    N/A
           0             0     float    none      -1     0.07    0.00    0.00      0     0.07    0.00    0.00    N/A
           0             0     float    none      -1     0.07    0.00    0.00      0     0.07    0.00    0.00    N/A
         512             8     float    none      -1    41.79    0.01    0.01      0    40.30    0.01    0.01    N/A
        1024            16     float    none      -1    38.35    0.03    0.03      0    38.78    0.03    0.02    N/A
        2048            32     float    none      -1    39.15    0.05    0.05      0    39.51    0.05    0.05    N/A
        4096            64     float    none      -1    38.13    0.11    0.10      0    38.11    0.11    0.10    N/A
        8192           128     float    none      -1    38.63    0.21    0.20      0    38.22    0.21    0.20    N/A
       16384           256     float    none      -1    39.35    0.42    0.39      0    41.37    0.40    0.37    N/A
       32768           512     float    none      -1    39.31    0.83    0.78      0    39.22    0.84    0.78    N/A
       65536          1024     float    none      -1    41.31    1.59    1.49      0    40.81    1.61    1.51    N/A
      131072          2048     float    none      -1    42.27    3.10    2.91      0    41.94    3.13    2.93    N/A
      262144          4096     float    none      -1    43.30    6.05    5.68      0    43.12    6.08    5.70    N/A
      524288          8192     float    none      -1    53.94    9.72    9.11      0    53.59    9.78    9.17    N/A
     1048576         16384     float    none      -1    68.55   15.30   14.34      0    67.94   15.43   14.47    N/A
     2097152         32768     float    none      -1    85.79   24.45   22.92      0    88.30   23.75   22.27    N/A
     4194304         65536     float    none      -1    131.5   31.89   29.89      0    130.3   32.20   30.18    N/A
     8388608        131072     float    none      -1    209.0   40.14   37.63      0    208.5   40.24   37.73    N/A
    16777216        262144     float    none      -1    341.4   49.14   46.07      0    343.5   48.84   45.78    N/A
    33554432        524288     float    none      -1    619.7   54.15   50.76      0    620.7   54.06   50.68    N/A
    67108864       1048576     float    none      -1   1219.5   55.03   51.59      0   1223.8   54.84   51.41    N/A
   134217728       2097152     float    none      -1   2380.9   56.37   52.85      0   2383.3   56.31   52.80    N/A
   268435456       4194304     float    none      -1   4691.7   57.21   53.64      0   4669.4   57.49   53.90    N/A
   536870912       8388608     float    none      -1   9227.0   58.18   54.55      0   9235.9   58.13   54.50    N/A
  1073741824      16777216     float    none      -1    18292   58.70   55.03      0    18314   58.63   54.97    N/A
  2147483648      33554432     float    none      -1    36473   58.88   55.20      0    36452   58.91   55.23    N/A
  4294967296      67108864     float    none      -1    72128   59.55   55.82      0    72412   59.31   55.61    N/A
  8589934592     134217728     float    none      -1   144773   59.33   55.63      0   144515   59.44   55.72    N/A
 17179869184     268435456     float    none      -1   287822   59.69   55.96      0   287046   59.85   56.11    N/A
# Errors with asterisks indicate errors that have exceeded the maximum threshold.
# Out of bounds values : 0 OK
# Avg bus bandwidth    : 22.9809 
#
# Collective test concluded: alltoallv_perf

Processing file: sanity_rcn/temp_alltoallv_iteration_1.txt
Iteration 1 Output for /home/amd/vul-rccl-benchmark/run-rccl.sh reduce_scatter:
Running reduce_scatter, qps 1 ...
Num nodes: 2
LIST ________________________roce_ai0_vip,roce_ai1_vip,roce_ai2_vip,roce_ai3_vip,roce_ai4_vip,roce_ai5_vip,roce_ai6_vip,roce_ai7_vip
+ /home/amd/vul-rccl/ompi_build/bin/mpirun --np 16 --allow-run-as-root -H 10.30.69.101:8,10.30.69.98:8 --bind-to numa -x NCCL_IB_GID_INDEX=1 -x NCCL_GDR_FLUSH_DISABLE=1 -x RCCL_GDR_FLUSH_GPU_MEM_NO_RELAXED_ORDERING=0 -x PATH=/home/amd/vul-rccl/ompi_build/bin:/opt/rocm/bin:/root/.local/bin:/root/bin:/usr/share/Modules/bin:/usr/local/sbin:/usr/local/bin:/usr/sbin:/usr/bin -x LD_LIBRARY_PATH=/home/amd/vul-rccl/rccl/build/release:/home/amd/vul-rccl/amd-anp-mp-new/build:/home/amd/vul-rccl/ompi_build/lib:/home/amd/vul-rccl/rccl/build/release/_deps/fmt-build: --mca btl '^vader,openib' -mca btl_tcp_if_include eth0 -x NCCL_SOCKET_IFNAME=eth0 -x NCCL_IB_QPS_PER_CONNECTION=1 -x NCCL_TOPO_DUMP_FILE=/tmp/system_run2.txt -x HSA_NO_SCRATCH_RECLAIM=1 -x NCCL_IB_TC=128 -x NCCL_IB_FIFO_TC=144 -x NCCL_IGNORE_CPU_AFFINITY=1 -x NCCL_PXN_DISABLE=1 -x NCCL_DMABUF_ENABLE=1 -x NCCL_DEBUG=VERSION -x RCCL_VIP_PIP_MAP_FILE=/home/amd/vul-rccl/vip_pip_mapping_gt_u.json -x NCCL_NET_OPTIONAL_RECV_COMPLETION=1 -x NCCL_IB_USE_INLINE=1 -x IONIC_LOCKFREE=all -x NCCL_IB_HCA=roce_ai0_vip,roce_ai1_vip,roce_ai2_vip,roce_ai3_vip,roce_ai4_vip,roce_ai5_vip,roce_ai6_vip,roce_ai7_vip -x NCCL_NET_PLUGIN=librccl-anp.so -x RCCL_LL128_FORCE_ENABLE=1 -x LD_PRELOAD=/home/amd/vul-rccl/rccl/build/release/librccl.so.1.0 /home/amd/vul-rccl/rccl-tests/build/reduce_scatter_perf -b 16 -e 16G -f 2 -g 1 -n 20 -c 1 -w 5
# Collective test starting: reduce_scatter_perf
# nThread 1 nGpus 1 minBytes 16 maxBytes 17179869184 step: 2(factor) warmup iters: 5 iters: 20 agg iters: 1 validation: 1 graph: 0
#
rccl-tests: Version develop_deprecated:40b1b17
# Using devices
#  Rank  0 Group  0 Pid  76372 on SC-GT-Node1 device  0 [0000:0e:00] AMD Instinct MI300X
#  Rank  1 Group  0 Pid  76373 on SC-GT-Node1 device  1 [0000:6e:00] AMD Instinct MI300X
#  Rank  2 Group  0 Pid  76374 on SC-GT-Node1 device  2 [0000:4e:00] AMD Instinct MI300X
#  Rank  3 Group  0 Pid  76375 on SC-GT-Node1 device  3 [0000:2e:00] AMD Instinct MI300X
#  Rank  4 Group  0 Pid  76376 on SC-GT-Node1 device  4 [0000:ef:00] AMD Instinct MI300X
#  Rank  5 Group  0 Pid  76377 on SC-GT-Node1 device  5 [0000:ce:00] AMD Instinct MI300X
#  Rank  6 Group  0 Pid  76378 on SC-GT-Node1 device  6 [0000:8e:00] AMD Instinct MI300X
#  Rank  7 Group  0 Pid  76379 on SC-GT-Node1 device  7 [0000:ae:00] AMD Instinct MI300X
#  Rank  8 Group  0 Pid  55848 on SC-GT-Node4 device  0 [0000:0e:00] AMD Instinct MI325X
#  Rank  9 Group  0 Pid  55849 on SC-GT-Node4 device  1 [0000:6e:00] AMD Instinct MI325X
#  Rank 10 Group  0 Pid  55850 on SC-GT-Node4 device  2 [0000:4e:00] AMD Instinct MI325X
#  Rank 11 Group  0 Pid  55851 on SC-GT-Node4 device  3 [0000:2e:00] AMD Instinct MI325X
#  Rank 12 Group  0 Pid  55852 on SC-GT-Node4 device  4 [0000:ef:00] AMD Instinct MI325X
#  Rank 13 Group  0 Pid  55853 on SC-GT-Node4 device  5 [0000:ce:00] AMD Instinct MI325X
#  Rank 14 Group  0 Pid  55854 on SC-GT-Node4 device  6 [0000:8e:00] AMD Instinct MI325X
#  Rank 15 Group  0 Pid  55855 on SC-GT-Node4 device  7 [0000:ae:00] AMD Instinct MI325X
RCCL version : 2.27.7-Unknown 
HIP version  : 7.0.51831-7c9236b16
ROCm version : 7.0.2.0-56-9428210
Hostname     : SC-GT-Node1
Librccl path : /home/amd/vul-rccl/rccl/build/release/librccl.so.1.0
#
#                                                              out-of-place                       in-place          
#       size         count      type   redop    root     time   algbw   busbw #wrong     time   algbw   busbw #wrong                               
#        (B)    (elements)                               (us)  (GB/s)  (GB/s)            (us)  (GB/s)  (GB/s)                                      
           0             0     float     sum      -1     0.30    0.00    0.00      0     0.15    0.00    0.00      0
           0             0     float     sum      -1     0.17    0.00    0.00      0     0.14    0.00    0.00      0
           0             0     float     sum      -1     0.18    0.00    0.00      0     0.13    0.00    0.00      0
           0             0     float     sum      -1     0.14    0.00    0.00      0     0.11    0.00    0.00      0
         256             4     float     sum      -1    44.56    0.01    0.01      0    44.66    0.01    0.01      0
         512             8     float     sum      -1    44.09    0.01    0.01      0    43.97    0.01    0.01      0
        1024            16     float     sum      -1    44.47    0.02    0.02      0    44.81    0.02    0.02      0
        2048            32     float     sum      -1    44.19    0.05    0.04      0    44.88    0.05    0.04      0
        4096            64     float     sum      -1    44.79    0.09    0.09      0    44.94    0.09    0.09      0
        8192           128     float     sum      -1    45.44    0.18    0.17      0    45.32    0.18    0.17      0
       16384           256     float     sum      -1    46.87    0.35    0.33      0    46.50    0.35    0.33      0
       32768           512     float     sum      -1    48.44    0.68    0.63      0    48.11    0.68    0.64      0
       65536          1024     float     sum      -1    54.00    1.21    1.14      0    54.02    1.21    1.14      0
      131072          2048     float     sum      -1    54.95    2.39    2.24      0    54.63    2.40    2.25      0
      262144          4096     float     sum      -1    58.85    4.45    4.18      0    58.27    4.50    4.22      0
      524288          8192     float     sum      -1    62.97    8.33    7.81      0    62.39    8.40    7.88      0
     1048576         16384     float     sum      -1    76.64   13.68   12.83      0    73.80   14.21   13.32      0
     2097152         32768     float     sum      -1    132.2   15.86   14.87      0    127.1   16.50   15.47      0
     4194304         65536     float     sum      -1    137.0   30.62   28.71      0    137.0   30.61   28.69      0
     8388608        131072     float     sum      -1    138.0   60.81   57.01      0    137.9   60.83   57.03      0
    16777216        262144     float     sum      -1    164.3  102.11   95.73      0    160.0  104.83   98.28      0
    33554432        524288     float     sum      -1    199.4  168.27  157.75      0    199.9  167.83  157.34      0
    67108864       1048576     float     sum      -1    473.6  141.70  132.85      0    466.8  143.78  134.79      0
   134217728       2097152     float     sum      -1    528.6  253.92  238.05      0    525.9  255.20  239.25      0
   268435456       4194304     float     sum      -1    800.8  335.22  314.27      0    795.1  337.61  316.51      0
   536870912       8388608     float     sum      -1   1476.1  363.70  340.97      0   1445.4  371.43  348.21      0
  1073741824      16777216     float     sum      -1   2889.4  371.62  348.39      0   2825.3  380.05  356.29      0
  2147483648      33554432     float     sum      -1   5718.1  375.56  352.09      0   5591.9  384.03  360.03      0
  4294967296      67108864     float     sum      -1    11444  375.30  351.85      0    11307  379.86  356.12      0
  8589934592     134217728     float     sum      -1    22959  374.14  350.76      0    22827  376.31  352.79      0
 17179869184     268435456     float     sum      -1    46194  371.91  348.66      0    46198  371.88  348.64      0
# Errors with asterisks indicate errors that have exceeded the maximum threshold.
# Out of bounds values : 0 OK
# Avg bus bandwidth    : 102.596 
#
# Collective test concluded: reduce_scatter_perf

Processing file: sanity_rcn/temp_reduce_scatter_iteration_1.txt
Iteration 1 Output for /home/amd/vul-rccl-benchmark/run-rccl.sh all_gather:
Running all_gather, qps 1 ...
Num nodes: 2
LIST ________________________roce_ai0_vip,roce_ai1_vip,roce_ai2_vip,roce_ai3_vip,roce_ai4_vip,roce_ai5_vip,roce_ai6_vip,roce_ai7_vip
+ /home/amd/vul-rccl/ompi_build/bin/mpirun --np 16 --allow-run-as-root -H 10.30.69.101:8,10.30.69.98:8 --bind-to numa -x NCCL_IB_GID_INDEX=1 -x NCCL_GDR_FLUSH_DISABLE=1 -x RCCL_GDR_FLUSH_GPU_MEM_NO_RELAXED_ORDERING=0 -x PATH=/home/amd/vul-rccl/ompi_build/bin:/opt/rocm/bin:/root/.local/bin:/root/bin:/usr/share/Modules/bin:/usr/local/sbin:/usr/local/bin:/usr/sbin:/usr/bin -x LD_LIBRARY_PATH=/home/amd/vul-rccl/rccl/build/release:/home/amd/vul-rccl/amd-anp-mp-new/build:/home/amd/vul-rccl/ompi_build/lib:/home/amd/vul-rccl/rccl/build/release/_deps/fmt-build: --mca btl '^vader,openib' -mca btl_tcp_if_include eth0 -x NCCL_SOCKET_IFNAME=eth0 -x NCCL_IB_QPS_PER_CONNECTION=1 -x NCCL_TOPO_DUMP_FILE=/tmp/system_run2.txt -x HSA_NO_SCRATCH_RECLAIM=1 -x NCCL_IB_TC=128 -x NCCL_IB_FIFO_TC=144 -x NCCL_IGNORE_CPU_AFFINITY=1 -x NCCL_PXN_DISABLE=1 -x NCCL_DMABUF_ENABLE=1 -x NCCL_DEBUG=VERSION -x RCCL_VIP_PIP_MAP_FILE=/home/amd/vul-rccl/vip_pip_mapping_gt_u.json -x NCCL_NET_OPTIONAL_RECV_COMPLETION=1 -x NCCL_IB_USE_INLINE=1 -x IONIC_LOCKFREE=all -x NCCL_IB_HCA=roce_ai0_vip,roce_ai1_vip,roce_ai2_vip,roce_ai3_vip,roce_ai4_vip,roce_ai5_vip,roce_ai6_vip,roce_ai7_vip -x NCCL_NET_PLUGIN=librccl-anp.so -x RCCL_LL128_FORCE_ENABLE=1 -x LD_PRELOAD=/home/amd/vul-rccl/rccl/build/release/librccl.so.1.0 /home/amd/vul-rccl/rccl-tests/build/all_gather_perf -b 16 -e 16G -f 2 -g 1 -n 20 -c 1 -w 5
# Collective test starting: all_gather_perf
# nThread 1 nGpus 1 minBytes 16 maxBytes 17179869184 step: 2(factor) warmup iters: 5 iters: 20 agg iters: 1 validation: 1 graph: 0
#
rccl-tests: Version develop_deprecated:40b1b17
# Using devices
#  Rank  0 Group  0 Pid  76592 on SC-GT-Node1 device  0 [0000:0e:00] AMD Instinct MI300X
#  Rank  1 Group  0 Pid  76593 on SC-GT-Node1 device  1 [0000:6e:00] AMD Instinct MI300X
#  Rank  2 Group  0 Pid  76594 on SC-GT-Node1 device  2 [0000:4e:00] AMD Instinct MI300X
#  Rank  3 Group  0 Pid  76595 on SC-GT-Node1 device  3 [0000:2e:00] AMD Instinct MI300X
#  Rank  4 Group  0 Pid  76596 on SC-GT-Node1 device  4 [0000:ef:00] AMD Instinct MI300X
#  Rank  5 Group  0 Pid  76597 on SC-GT-Node1 device  5 [0000:ce:00] AMD Instinct MI300X
#  Rank  6 Group  0 Pid  76598 on SC-GT-Node1 device  6 [0000:8e:00] AMD Instinct MI300X
#  Rank  7 Group  0 Pid  76599 on SC-GT-Node1 device  7 [0000:ae:00] AMD Instinct MI300X
#  Rank  8 Group  0 Pid  56092 on SC-GT-Node4 device  0 [0000:0e:00] AMD Instinct MI325X
#  Rank  9 Group  0 Pid  56093 on SC-GT-Node4 device  1 [0000:6e:00] AMD Instinct MI325X
#  Rank 10 Group  0 Pid  56094 on SC-GT-Node4 device  2 [0000:4e:00] AMD Instinct MI325X
#  Rank 11 Group  0 Pid  56095 on SC-GT-Node4 device  3 [0000:2e:00] AMD Instinct MI325X
#  Rank 12 Group  0 Pid  56096 on SC-GT-Node4 device  4 [0000:ef:00] AMD Instinct MI325X
#  Rank 13 Group  0 Pid  56097 on SC-GT-Node4 device  5 [0000:ce:00] AMD Instinct MI325X
#  Rank 14 Group  0 Pid  56098 on SC-GT-Node4 device  6 [0000:8e:00] AMD Instinct MI325X
#  Rank 15 Group  0 Pid  56099 on SC-GT-Node4 device  7 [0000:ae:00] AMD Instinct MI325X
RCCL version : 2.27.7-Unknown 
HIP version  : 7.0.51831-7c9236b16
ROCm version : 7.0.2.0-56-9428210
Hostname     : SC-GT-Node1
Librccl path : /home/amd/vul-rccl/rccl/build/release/librccl.so.1.0
#
#                                                              out-of-place                       in-place          
#       size         count      type   redop    root     time   algbw   busbw #wrong     time   algbw   busbw #wrong                               
#        (B)    (elements)                               (us)  (GB/s)  (GB/s)            (us)  (GB/s)  (GB/s)                                      
           0             0     float    none      -1     0.17    0.00    0.00      0     0.09    0.00    0.00      0
           0             0     float    none      -1     0.09    0.00    0.00      0     0.09    0.00    0.00      0
           0             0     float    none      -1     0.09    0.00    0.00      0     0.09    0.00    0.00      0
           0             0     float    none      -1     0.09    0.00    0.00      0     0.09    0.00    0.00      0
         256             4     float    none      -1    43.06    0.01    0.01      0    41.48    0.01    0.01      0
         512             8     float    none      -1    37.87    0.01    0.01      0    38.88    0.01    0.01      0
        1024            16     float    none      -1    37.73    0.03    0.03      0    38.17    0.03    0.03      0
        2048            32     float    none      -1    38.55    0.05    0.05      0    38.53    0.05    0.05      0
        4096            64     float    none      -1    37.87    0.11    0.10      0    39.26    0.10    0.10      0
        8192           128     float    none      -1    38.98    0.21    0.20      0    38.82    0.21    0.20      0
       16384           256     float    none      -1    37.75    0.43    0.41      0    37.63    0.44    0.41      0
       32768           512     float    none      -1    38.15    0.86    0.81      0    38.55    0.85    0.80      0
       65536          1024     float    none      -1    40.33    1.63    1.52      0    40.40    1.62    1.52      0
      131072          2048     float    none      -1    39.86    3.29    3.08      0    40.59    3.23    3.03      0
      262144          4096     float    none      -1    39.83    6.58    6.17      0    40.45    6.48    6.08      0
      524288          8192     float    none      -1    43.53   12.04   11.29      0    43.49   12.06   11.30      0
     1048576         16384     float    none      -1    55.57   18.87   17.69      0    55.50   18.89   17.71      0
     2097152         32768     float    none      -1    71.75   29.23   27.40      0    71.07   29.51   27.66      0
     4194304         65536     float    none      -1    102.9   40.75   38.20      0    103.5   40.53   38.00      0
     8388608        131072     float    none      -1    120.6   69.56   65.21      0    122.0   68.75   64.45      0
    16777216        262144     float    none      -1    160.7  104.37   97.85      0    154.2  108.80  102.00      0
    33554432        524288     float    none      -1    175.8  190.86  178.93      0    173.6  193.30  181.22      0
    67108864       1048576     float    none      -1    338.2  198.43  186.03      0    335.5  200.05  187.54      0
   134217728       2097152     float    none      -1    528.1  254.16  238.27      0    522.7  256.78  240.74      0
   268435456       4194304     float    none      -1    809.1  331.79  311.05      0    804.2  333.81  312.95      0
   536870912       8388608     float    none      -1   1512.6  354.92  332.74      0   1506.7  356.31  334.04      0
  1073741824      16777216     float    none      -1   2975.5  360.86  338.31      0   2954.5  363.42  340.71      0
  2147483648      33554432     float    none      -1   5902.9  363.80  341.06      0   5862.8  366.29  343.40      0
  4294967296      67108864     float    none      -1    11620  369.60  346.50      0    11608  370.01  346.88      0
  8589934592     134217728     float    none      -1    23038  372.86  349.56      0    23138  371.24  348.04      0
 17179869184     268435456     float    none      -1    45850  374.70  351.28      0    46060  372.98  349.67      0
# Errors with asterisks indicate errors that have exceeded the maximum threshold.
# Out of bounds values : 0 OK
# Avg bus bandwidth    : 104.876 
#
# Collective test concluded: all_gather_perf

Processing file: sanity_rcn/temp_all_gather_iteration_1.txt
creating output for all_reduce
creating output for alltoall
creating output for alltoallv
creating output for reduce_scatter
creating output for all_gather
Processed data saved to enhanced Excel file: sanity_rcn/sanity_rcn.xlsx.
