Iteration 1 Output for /home/amd/vul-rccl-benchmark/run-rccl.sh all_reduce:
Running all_reduce, qps 1 ...
Num nodes: 2
LIST ________________________roce_ai0_vip,roce_ai1_vip,roce_ai2_vip,roce_ai3_vip,roce_ai4_vip,roce_ai5_vip,roce_ai6_vip,roce_ai7_vip
+ /home/amd/vul-rccl/ompi_build/bin/mpirun --np 16 --allow-run-as-root -H 10.30.69.101:8,10.30.69.98:8 --bind-to numa -x NCCL_IB_GID_INDEX=1 -x NCCL_GDR_FLUSH_DISABLE=1 -x RCCL_GDR_FLUSH_GPU_MEM_NO_RELAXED_ORDERING=0 -x PATH=/home/amd/vul-rccl/ompi_build/bin:/opt/rocm/bin:/root/.local/bin:/root/bin:/usr/share/Modules/bin:/usr/local/sbin:/usr/local/bin:/usr/sbin:/usr/bin -x LD_LIBRARY_PATH=/home/amd/vul-rccl/rccl/build/release:/home/amd/vul-rccl/amd-anp-mp-new/build:/home/amd/vul-rccl/ompi_build/lib:/home/amd/vul-rccl/rccl/build/release/_deps/fmt-build: --mca btl '^vader,openib' -mca btl_tcp_if_include eth0 -x NCCL_SOCKET_IFNAME=eth0 -x NCCL_IB_QPS_PER_CONNECTION=1 -x NCCL_TOPO_DUMP_FILE=/tmp/system_run2.txt -x HSA_NO_SCRATCH_RECLAIM=1 -x NCCL_IB_TC=128 -x NCCL_IB_FIFO_TC=144 -x NCCL_IGNORE_CPU_AFFINITY=1 -x NCCL_PXN_DISABLE=1 -x NCCL_DMABUF_ENABLE=1 -x NCCL_DEBUG=VERSION -x RCCL_VIP_PIP_MAP_FILE=/home/amd/vul-rccl/vip_pip_mapping_gt_u.json -x NCCL_NET_OPTIONAL_RECV_COMPLETION=1 -x NCCL_IB_USE_INLINE=1 -x IONIC_LOCKFREE=all -x NCCL_IB_HCA=roce_ai0_vip,roce_ai1_vip,roce_ai2_vip,roce_ai3_vip,roce_ai4_vip,roce_ai5_vip,roce_ai6_vip,roce_ai7_vip -x NCCL_NET_PLUGIN=librccl-anp.so -x RCCL_LL128_FORCE_ENABLE=1 -x LD_PRELOAD=/home/amd/vul-rccl/rccl/build/release/librccl.so.1.0 /home/amd/vul-rccl/rccl-tests/build/all_reduce_perf -b 16 -e 16G -f 2 -g 1 -n 20 -c 1 -w 5
# Collective test starting: all_reduce_perf
# nThread 1 nGpus 1 minBytes 16 maxBytes 17179869184 step: 2(factor) warmup iters: 5 iters: 20 agg iters: 1 validation: 1 graph: 0
#
rccl-tests: Version develop_deprecated:40b1b17
# Using devices
#  Rank  0 Group  0 Pid  78881 on SC-GT-Node1 device  0 [0000:0e:00] AMD Instinct MI300X
#  Rank  1 Group  0 Pid  78882 on SC-GT-Node1 device  1 [0000:6e:00] AMD Instinct MI300X
#  Rank  2 Group  0 Pid  78883 on SC-GT-Node1 device  2 [0000:4e:00] AMD Instinct MI300X
#  Rank  3 Group  0 Pid  78884 on SC-GT-Node1 device  3 [0000:2e:00] AMD Instinct MI300X
#  Rank  4 Group  0 Pid  78885 on SC-GT-Node1 device  4 [0000:ef:00] AMD Instinct MI300X
#  Rank  5 Group  0 Pid  78886 on SC-GT-Node1 device  5 [0000:ce:00] AMD Instinct MI300X
#  Rank  6 Group  0 Pid  78887 on SC-GT-Node1 device  6 [0000:8e:00] AMD Instinct MI300X
#  Rank  7 Group  0 Pid  78888 on SC-GT-Node1 device  7 [0000:ae:00] AMD Instinct MI300X
#  Rank  8 Group  0 Pid  58118 on SC-GT-Node4 device  0 [0000:0e:00] AMD Instinct MI325X
#  Rank  9 Group  0 Pid  58119 on SC-GT-Node4 device  1 [0000:6e:00] AMD Instinct MI325X
#  Rank 10 Group  0 Pid  58120 on SC-GT-Node4 device  2 [0000:4e:00] AMD Instinct MI325X
#  Rank 11 Group  0 Pid  58121 on SC-GT-Node4 device  3 [0000:2e:00] AMD Instinct MI325X
#  Rank 12 Group  0 Pid  58122 on SC-GT-Node4 device  4 [0000:ef:00] AMD Instinct MI325X
#  Rank 13 Group  0 Pid  58123 on SC-GT-Node4 device  5 [0000:ce:00] AMD Instinct MI325X
#  Rank 14 Group  0 Pid  58124 on SC-GT-Node4 device  6 [0000:8e:00] AMD Instinct MI325X
#  Rank 15 Group  0 Pid  58125 on SC-GT-Node4 device  7 [0000:ae:00] AMD Instinct MI325X
RCCL version : 2.27.7-Unknown 
HIP version  : 7.0.51831-7c9236b16
ROCm version : 7.0.2.0-56-9428210
Hostname     : SC-GT-Node1
Librccl path : /home/amd/vul-rccl/rccl/build/release/librccl.so.1.0
#
#                                                              out-of-place                       in-place          
#       size         count      type   redop    root     time   algbw   busbw #wrong     time   algbw   busbw #wrong                               
#        (B)    (elements)                               (us)  (GB/s)  (GB/s)            (us)  (GB/s)  (GB/s)                                      
          16             4     float     sum      -1    39.46    0.00    0.00      0    36.18    0.00    0.00      0
          32             8     float     sum      -1    35.83    0.00    0.00      0    36.08    0.00    0.00      0
          64            16     float     sum      -1    37.36    0.00    0.00      0    37.63    0.00    0.00      0
         128            32     float     sum      -1    36.34    0.00    0.01      0    41.55    0.00    0.01      0
         256            64     float     sum      -1    37.00    0.01    0.01      0    39.37    0.01    0.01      0
         512           128     float     sum      -1    37.77    0.01    0.03      0    39.68    0.01    0.02      0
        1024           256     float     sum      -1    39.49    0.03    0.05      0    38.81    0.03    0.05      0
        2048           512     float     sum      -1    42.02    0.05    0.09      0    43.88    0.05    0.09      0
        4096          1024     float     sum      -1    45.61    0.09    0.17      0    44.44    0.09    0.17      0
        8192          2048     float     sum      -1    47.75    0.17    0.32      0    44.11    0.19    0.35      0
       16384          4096     float     sum      -1    44.83    0.37    0.69      0    44.34    0.37    0.69      0
       32768          8192     float     sum      -1    44.90    0.73    1.37      0    45.99    0.71    1.34      0
       65536         16384     float     sum      -1    47.47    1.38    2.59      0    46.47    1.41    2.64      0
      131072         32768     float     sum      -1    49.09    2.67    5.01      0    48.34    2.71    5.08      0
      262144         65536     float     sum      -1    57.00    4.60    8.62      0    55.85    4.69    8.80      0
      524288        131072     float     sum      -1    72.97    7.18   13.47      0    74.65    7.02   13.17      0
     1048576        262144     float     sum      -1    95.10   11.03   20.67      0    95.75   10.95   20.53      0
     2097152        524288     float     sum      -1    104.3   20.12   37.72      0    102.4   20.49   38.42      0
     4194304       1048576     float     sum      -1    121.7   34.46   64.60      0    120.7   34.75   65.17      0
     8388608       2097152     float     sum      -1    171.3   48.96   91.80      0    165.7   50.62   94.91      0
    16777216       4194304     float     sum      -1    266.5   62.95  118.03      0    278.5   60.24  112.95      0
    33554432       8388608     float     sum      -1    409.2   82.00  153.75      0    410.7   81.69  153.17      0
    67108864      16777216     float     sum      -1    612.7  109.54  205.38      0    617.5  108.68  203.78      0
   134217728      33554432     float     sum      -1   1018.8  131.73  247.00      0    994.1  135.02  253.16      0
   268435456      67108864     float     sum      -1   1488.3  180.37  338.19      0   1487.6  180.45  338.35      0
   536870912     134217728     float     sum      -1   2913.1  184.29  345.55      0   2899.2  185.18  347.21      0
  1073741824     268435456     float     sum      -1   5795.8  185.26  347.37      0   5805.4  184.96  346.79      0
  2147483648     536870912     float     sum      -1    11572  185.58  347.96      0    11572  185.58  347.96      0
  4294967296    1073741824     float     sum      -1    23034  186.46  349.62      0    23072  186.15  349.04      0
  8589934592    2147483648     float     sum      -1    45931  187.02  350.66      0    45975  186.84  350.32      0
 17179869184    4294967296     float     sum      -1    91912  186.92  350.47      0    91755  187.24  351.07      0
# Errors with asterisks indicate errors that have exceeded the maximum threshold.
# Out of bounds values : 0 OK
# Avg bus bandwidth    : 109.782 
#
# Collective test concluded: all_reduce_perf

Processing file: sanity_cc/temp_all_reduce_iteration_1.txt
Iteration 1 Output for /home/amd/vul-rccl-benchmark/run-rccl.sh alltoall:
Running alltoall, qps 1 ...
Num nodes: 2
LIST ________________________roce_ai0_vip,roce_ai1_vip,roce_ai2_vip,roce_ai3_vip,roce_ai4_vip,roce_ai5_vip,roce_ai6_vip,roce_ai7_vip
+ /home/amd/vul-rccl/ompi_build/bin/mpirun --np 16 --allow-run-as-root -H 10.30.69.101:8,10.30.69.98:8 --bind-to numa -x NCCL_IB_GID_INDEX=1 -x NCCL_GDR_FLUSH_DISABLE=1 -x RCCL_GDR_FLUSH_GPU_MEM_NO_RELAXED_ORDERING=0 -x PATH=/home/amd/vul-rccl/ompi_build/bin:/opt/rocm/bin:/root/.local/bin:/root/bin:/usr/share/Modules/bin:/usr/local/sbin:/usr/local/bin:/usr/sbin:/usr/bin -x LD_LIBRARY_PATH=/home/amd/vul-rccl/rccl/build/release:/home/amd/vul-rccl/amd-anp-mp-new/build:/home/amd/vul-rccl/ompi_build/lib:/home/amd/vul-rccl/rccl/build/release/_deps/fmt-build: --mca btl '^vader,openib' -mca btl_tcp_if_include eth0 -x NCCL_SOCKET_IFNAME=eth0 -x NCCL_IB_QPS_PER_CONNECTION=1 -x NCCL_TOPO_DUMP_FILE=/tmp/system_run2.txt -x HSA_NO_SCRATCH_RECLAIM=1 -x NCCL_IB_TC=128 -x NCCL_IB_FIFO_TC=144 -x NCCL_IGNORE_CPU_AFFINITY=1 -x NCCL_PXN_DISABLE=1 -x NCCL_DMABUF_ENABLE=1 -x NCCL_DEBUG=VERSION -x RCCL_VIP_PIP_MAP_FILE=/home/amd/vul-rccl/vip_pip_mapping_gt_u.json -x NCCL_NET_OPTIONAL_RECV_COMPLETION=1 -x NCCL_IB_USE_INLINE=1 -x IONIC_LOCKFREE=all -x NCCL_IB_HCA=roce_ai0_vip,roce_ai1_vip,roce_ai2_vip,roce_ai3_vip,roce_ai4_vip,roce_ai5_vip,roce_ai6_vip,roce_ai7_vip -x NCCL_NET_PLUGIN=librccl-anp.so -x RCCL_DISABLE_RAIL_TREES=1 -x LD_PRELOAD=/home/amd/vul-rccl/rccl/build/release/librccl.so.1.0 /home/amd/vul-rccl/rccl-tests/build/alltoall_perf -b 16 -e 16G -f 2 -g 1 -n 20 -c 1 -w 5
# Collective test starting: alltoall_perf
# nThread 1 nGpus 1 minBytes 16 maxBytes 17179869184 step: 2(factor) warmup iters: 5 iters: 20 agg iters: 1 validation: 1 graph: 0
#
rccl-tests: Version develop_deprecated:40b1b17
# Using devices
#  Rank  0 Group  0 Pid  79173 on SC-GT-Node1 device  0 [0000:0e:00] AMD Instinct MI300X
#  Rank  1 Group  0 Pid  79174 on SC-GT-Node1 device  1 [0000:6e:00] AMD Instinct MI300X
#  Rank  2 Group  0 Pid  79175 on SC-GT-Node1 device  2 [0000:4e:00] AMD Instinct MI300X
#  Rank  3 Group  0 Pid  79176 on SC-GT-Node1 device  3 [0000:2e:00] AMD Instinct MI300X
#  Rank  4 Group  0 Pid  79177 on SC-GT-Node1 device  4 [0000:ef:00] AMD Instinct MI300X
#  Rank  5 Group  0 Pid  79178 on SC-GT-Node1 device  5 [0000:ce:00] AMD Instinct MI300X
#  Rank  6 Group  0 Pid  79179 on SC-GT-Node1 device  6 [0000:8e:00] AMD Instinct MI300X
#  Rank  7 Group  0 Pid  79180 on SC-GT-Node1 device  7 [0000:ae:00] AMD Instinct MI300X
#  Rank  8 Group  0 Pid  58430 on SC-GT-Node4 device  0 [0000:0e:00] AMD Instinct MI325X
#  Rank  9 Group  0 Pid  58431 on SC-GT-Node4 device  1 [0000:6e:00] AMD Instinct MI325X
#  Rank 10 Group  0 Pid  58432 on SC-GT-Node4 device  2 [0000:4e:00] AMD Instinct MI325X
#  Rank 11 Group  0 Pid  58433 on SC-GT-Node4 device  3 [0000:2e:00] AMD Instinct MI325X
#  Rank 12 Group  0 Pid  58434 on SC-GT-Node4 device  4 [0000:ef:00] AMD Instinct MI325X
#  Rank 13 Group  0 Pid  58435 on SC-GT-Node4 device  5 [0000:ce:00] AMD Instinct MI325X
#  Rank 14 Group  0 Pid  58436 on SC-GT-Node4 device  6 [0000:8e:00] AMD Instinct MI325X
#  Rank 15 Group  0 Pid  58437 on SC-GT-Node4 device  7 [0000:ae:00] AMD Instinct MI325X
RCCL version : 2.27.7-Unknown 
HIP version  : 7.0.51831-7c9236b16
ROCm version : 7.0.2.0-56-9428210
Hostname     : SC-GT-Node1
Librccl path : /home/amd/vul-rccl/rccl/build/release/librccl.so.1.0
#
#                                                              out-of-place                       in-place          
#       size         count      type   redop    root     time   algbw   busbw #wrong     time   algbw   busbw #wrong                               
#        (B)    (elements)                               (us)  (GB/s)  (GB/s)            (us)  (GB/s)  (GB/s)                                      
           0             0     float    none      -1     0.19    0.00    0.00      0     0.07    0.00    0.00    N/A
           0             0     float    none      -1     0.07    0.00    0.00      0     0.07    0.00    0.00    N/A
           0             0     float    none      -1     0.07    0.00    0.00      0     0.07    0.00    0.00    N/A
           0             0     float    none      -1     0.07    0.00    0.00      0     0.06    0.00    0.00    N/A
         256             4     float    none      -1    41.37    0.01    0.01      0    39.41    0.01    0.01    N/A
         512             8     float    none      -1    39.27    0.01    0.01      0    39.36    0.01    0.01    N/A
        1024            16     float    none      -1    38.44    0.03    0.02      0    38.56    0.03    0.02    N/A
        2048            32     float    none      -1    38.09    0.05    0.05      0    38.18    0.05    0.05    N/A
        4096            64     float    none      -1    38.06    0.11    0.10      0    39.02    0.10    0.10    N/A
        8192           128     float    none      -1    40.01    0.20    0.19      0    39.44    0.21    0.19    N/A
       16384           256     float    none      -1    38.74    0.42    0.40      0    37.92    0.43    0.41    N/A
       32768           512     float    none      -1    38.34    0.85    0.80      0    38.73    0.85    0.79    N/A
       65536          1024     float    none      -1    41.02    1.60    1.50      0    40.51    1.62    1.52    N/A
      131072          2048     float    none      -1    39.84    3.29    3.08      0    39.79    3.29    3.09    N/A
      262144          4096     float    none      -1    40.65    6.45    6.05      0    40.31    6.50    6.10    N/A
      524288          8192     float    none      -1    43.75   11.98   11.23      0    43.29   12.11   11.35    N/A
     1048576         16384     float    none      -1    55.90   18.76   17.59      0    55.57   18.87   17.69    N/A
     2097152         32768     float    none      -1    72.80   28.81   27.01      0    71.55   29.31   27.48    N/A
     4194304         65536     float    none      -1    95.70   43.83   41.09      0    96.69   43.38   40.67    N/A
     8388608        131072     float    none      -1    147.4   56.91   53.35      0    147.5   56.87   53.32    N/A
    16777216        262144     float    none      -1    244.7   68.55   64.27      0    245.6   68.30   64.03    N/A
    33554432        524288     float    none      -1    465.1   72.14   67.64      0    454.9   73.77   69.16    N/A
    67108864       1048576     float    none      -1    825.7   81.28   76.20      0    841.4   79.75   74.77    N/A
   134217728       2097152     float    none      -1   1720.1   78.03   73.15      0   1685.6   79.63   74.65    N/A
   268435456       4194304     float    none      -1   3049.6   88.02   82.52      0   3071.6   87.39   81.93    N/A
   536870912       8388608     float    none      -1   6029.9   89.04   83.47      0   6031.0   89.02   83.46    N/A
  1073741824      16777216     float    none      -1    11968   89.72   84.11      0    11973   89.68   84.08    N/A
  2147483648      33554432     float    none      -1    23887   89.90   84.28      0    23925   89.76   84.15    N/A
  4294967296      67108864     float    none      -1    47812   89.83   84.22      0    47784   89.88   84.26    N/A
  8589934592     134217728     float    none      -1    95554   89.90   84.28      0    95478   89.97   84.34    N/A
 17179869184     268435456     float    none      -1   191092   89.90   84.28      0   191087   89.91   84.29    N/A
# Errors with asterisks indicate errors that have exceeded the maximum threshold.
# Out of bounds values : 0 OK
# Avg bus bandwidth    : 33.271 
#
# Collective test concluded: alltoall_perf

Processing file: sanity_cc/temp_alltoall_iteration_1.txt
Iteration 1 Output for /home/amd/vul-rccl-benchmark/run-rccl.sh alltoallv:
Running alltoallv, qps 1 ...
Num nodes: 2
LIST ________________________roce_ai0_vip,roce_ai1_vip,roce_ai2_vip,roce_ai3_vip,roce_ai4_vip,roce_ai5_vip,roce_ai6_vip,roce_ai7_vip
+ /home/amd/vul-rccl/ompi_build/bin/mpirun --np 16 --allow-run-as-root -H 10.30.69.101:8,10.30.69.98:8 --bind-to numa -x NCCL_IB_GID_INDEX=1 -x NCCL_GDR_FLUSH_DISABLE=1 -x RCCL_GDR_FLUSH_GPU_MEM_NO_RELAXED_ORDERING=0 -x PATH=/home/amd/vul-rccl/ompi_build/bin:/opt/rocm/bin:/root/.local/bin:/root/bin:/usr/share/Modules/bin:/usr/local/sbin:/usr/local/bin:/usr/sbin:/usr/bin -x LD_LIBRARY_PATH=/home/amd/vul-rccl/rccl/build/release:/home/amd/vul-rccl/amd-anp-mp-new/build:/home/amd/vul-rccl/ompi_build/lib:/home/amd/vul-rccl/rccl/build/release/_deps/fmt-build: --mca btl '^vader,openib' -mca btl_tcp_if_include eth0 -x NCCL_SOCKET_IFNAME=eth0 -x NCCL_IB_QPS_PER_CONNECTION=1 -x NCCL_TOPO_DUMP_FILE=/tmp/system_run2.txt -x HSA_NO_SCRATCH_RECLAIM=1 -x NCCL_IB_TC=128 -x NCCL_IB_FIFO_TC=144 -x NCCL_IGNORE_CPU_AFFINITY=1 -x NCCL_PXN_DISABLE=1 -x NCCL_DMABUF_ENABLE=1 -x NCCL_DEBUG=VERSION -x RCCL_VIP_PIP_MAP_FILE=/home/amd/vul-rccl/vip_pip_mapping_gt_u.json -x NCCL_NET_OPTIONAL_RECV_COMPLETION=1 -x NCCL_IB_USE_INLINE=1 -x IONIC_LOCKFREE=all -x NCCL_IB_HCA=roce_ai0_vip,roce_ai1_vip,roce_ai2_vip,roce_ai3_vip,roce_ai4_vip,roce_ai5_vip,roce_ai6_vip,roce_ai7_vip -x NCCL_NET_PLUGIN=librccl-anp.so -x RCCL_DISABLE_RAIL_TREES=1 -x RCCL_LL128_FORCE_ENABLE=1 -x LD_PRELOAD=/home/amd/vul-rccl/rccl/build/release/librccl.so.1.0 /home/amd/vul-rccl/rccl-tests/build/alltoallv_perf -b 16 -e 16G -f 2 -g 1 -n 20 -c 1 -w 5
# Collective test starting: alltoallv_perf
# nThread 1 nGpus 1 minBytes 16 maxBytes 17179869184 step: 2(factor) warmup iters: 5 iters: 20 agg iters: 1 validation: 1 graph: 0
#
rccl-tests: Version develop_deprecated:40b1b17
# Using devices
#  Rank  0 Group  0 Pid  79413 on SC-GT-Node1 device  0 [0000:0e:00] AMD Instinct MI300X
#  Rank  1 Group  0 Pid  79414 on SC-GT-Node1 device  1 [0000:6e:00] AMD Instinct MI300X
#  Rank  2 Group  0 Pid  79415 on SC-GT-Node1 device  2 [0000:4e:00] AMD Instinct MI300X
#  Rank  3 Group  0 Pid  79416 on SC-GT-Node1 device  3 [0000:2e:00] AMD Instinct MI300X
#  Rank  4 Group  0 Pid  79417 on SC-GT-Node1 device  4 [0000:ef:00] AMD Instinct MI300X
#  Rank  5 Group  0 Pid  79418 on SC-GT-Node1 device  5 [0000:ce:00] AMD Instinct MI300X
#  Rank  6 Group  0 Pid  79419 on SC-GT-Node1 device  6 [0000:8e:00] AMD Instinct MI300X
#  Rank  7 Group  0 Pid  79420 on SC-GT-Node1 device  7 [0000:ae:00] AMD Instinct MI300X
#  Rank  8 Group  0 Pid  58704 on SC-GT-Node4 device  0 [0000:0e:00] AMD Instinct MI325X
#  Rank  9 Group  0 Pid  58705 on SC-GT-Node4 device  1 [0000:6e:00] AMD Instinct MI325X
#  Rank 10 Group  0 Pid  58706 on SC-GT-Node4 device  2 [0000:4e:00] AMD Instinct MI325X
#  Rank 11 Group  0 Pid  58707 on SC-GT-Node4 device  3 [0000:2e:00] AMD Instinct MI325X
#  Rank 12 Group  0 Pid  58708 on SC-GT-Node4 device  4 [0000:ef:00] AMD Instinct MI325X
#  Rank 13 Group  0 Pid  58709 on SC-GT-Node4 device  5 [0000:ce:00] AMD Instinct MI325X
#  Rank 14 Group  0 Pid  58710 on SC-GT-Node4 device  6 [0000:8e:00] AMD Instinct MI325X
#  Rank 15 Group  0 Pid  58711 on SC-GT-Node4 device  7 [0000:ae:00] AMD Instinct MI325X
RCCL version : 2.27.7-Unknown 
HIP version  : 7.0.51831-7c9236b16
ROCm version : 7.0.2.0-56-9428210
Hostname     : SC-GT-Node1
Librccl path : /home/amd/vul-rccl/rccl/build/release/librccl.so.1.0
#
#                                                              out-of-place                       in-place          
#       size         count      type   redop    root     time   algbw   busbw #wrong     time   algbw   busbw #wrong                               
#        (B)    (elements)                               (us)  (GB/s)  (GB/s)            (us)  (GB/s)  (GB/s)                                      
           0             0     float    none      -1     0.17    0.00    0.00      0     0.07    0.00    0.00    N/A
           0             0     float    none      -1     0.07    0.00    0.00      0     0.08    0.00    0.00    N/A
           0             0     float    none      -1     0.07    0.00    0.00      0     0.07    0.00    0.00    N/A
           0             0     float    none      -1     0.08    0.00    0.00      0     0.08    0.00    0.00    N/A
           0             0     float    none      -1     0.07    0.00    0.00      0     0.07    0.00    0.00    N/A
         512             8     float    none      -1    40.96    0.01    0.01      0    40.27    0.01    0.01    N/A
        1024            16     float    none      -1    38.74    0.03    0.02      0    40.49    0.03    0.02    N/A
        2048            32     float    none      -1    39.61    0.05    0.05      0    39.52    0.05    0.05    N/A
        4096            64     float    none      -1    37.84    0.11    0.10      0    38.15    0.11    0.10    N/A
        8192           128     float    none      -1    38.52    0.21    0.20      0    38.41    0.21    0.20    N/A
       16384           256     float    none      -1    40.50    0.40    0.38      0    39.07    0.42    0.39    N/A
       32768           512     float    none      -1    39.58    0.83    0.78      0    39.87    0.82    0.77    N/A
       65536          1024     float    none      -1    41.78    1.57    1.47      0    43.42    1.51    1.41    N/A
      131072          2048     float    none      -1    41.69    3.14    2.95      0    43.14    3.04    2.85    N/A
      262144          4096     float    none      -1    43.76    5.99    5.62      0    43.24    6.06    5.68    N/A
      524288          8192     float    none      -1    53.26    9.84    9.23      0    54.79    9.57    8.97    N/A
     1048576         16384     float    none      -1    69.33   15.12   14.18      0    68.26   15.36   14.40    N/A
     2097152         32768     float    none      -1    84.81   24.73   23.18      0    83.72   25.05   23.48    N/A
     4194304         65536     float    none      -1    120.5   34.81   32.64      0    121.5   34.52   32.36    N/A
     8388608        131072     float    none      -1    204.4   41.04   38.47      0    202.0   41.53   38.93    N/A
    16777216        262144     float    none      -1    342.5   48.99   45.93      0    349.1   48.06   45.06    N/A
    33554432        524288     float    none      -1    642.4   52.23   48.96      0    628.3   53.41   50.07    N/A
    67108864       1048576     float    none      -1   1197.5   56.04   52.54      0   1196.4   56.09   52.59    N/A
   134217728       2097152     float    none      -1   2403.7   55.84   52.35      0   2400.8   55.91   52.41    N/A
   268435456       4194304     float    none      -1   4877.9   55.03   51.59      0   4895.0   54.84   51.41    N/A
   536870912       8388608     float    none      -1   9942.2   54.00   50.62      0   9954.9   53.93   50.56    N/A
  1073741824      16777216     float    none      -1    20136   53.32   49.99      0    20146   53.30   49.97    N/A
  2147483648      33554432     float    none      -1    40133   53.51   50.16      0    40229   53.38   50.05    N/A
  4294967296      67108864     float    none      -1    80494   53.36   50.02      0    80872   53.11   49.79    N/A
  8589934592     134217728     float    none      -1   161427   53.21   49.89      0   161504   53.19   49.86    N/A
 17179869184     268435456     float    none      -1   324068   53.01   49.70      0   322489   53.27   49.94    N/A
# Errors with asterisks indicate errors that have exceeded the maximum threshold.
# Out of bounds values : 0 OK
# Avg bus bandwidth    : 21.9739 
#
# Collective test concluded: alltoallv_perf

Processing file: sanity_cc/temp_alltoallv_iteration_1.txt
Iteration 1 Output for /home/amd/vul-rccl-benchmark/run-rccl.sh reduce_scatter:
Running reduce_scatter, qps 1 ...
Num nodes: 2
LIST ________________________roce_ai0_vip,roce_ai1_vip,roce_ai2_vip,roce_ai3_vip,roce_ai4_vip,roce_ai5_vip,roce_ai6_vip,roce_ai7_vip
+ /home/amd/vul-rccl/ompi_build/bin/mpirun --np 16 --allow-run-as-root -H 10.30.69.101:8,10.30.69.98:8 --bind-to numa -x NCCL_IB_GID_INDEX=1 -x NCCL_GDR_FLUSH_DISABLE=1 -x RCCL_GDR_FLUSH_GPU_MEM_NO_RELAXED_ORDERING=0 -x PATH=/home/amd/vul-rccl/ompi_build/bin:/opt/rocm/bin:/root/.local/bin:/root/bin:/usr/share/Modules/bin:/usr/local/sbin:/usr/local/bin:/usr/sbin:/usr/bin -x LD_LIBRARY_PATH=/home/amd/vul-rccl/rccl/build/release:/home/amd/vul-rccl/amd-anp-mp-new/build:/home/amd/vul-rccl/ompi_build/lib:/home/amd/vul-rccl/rccl/build/release/_deps/fmt-build: --mca btl '^vader,openib' -mca btl_tcp_if_include eth0 -x NCCL_SOCKET_IFNAME=eth0 -x NCCL_IB_QPS_PER_CONNECTION=1 -x NCCL_TOPO_DUMP_FILE=/tmp/system_run2.txt -x HSA_NO_SCRATCH_RECLAIM=1 -x NCCL_IB_TC=128 -x NCCL_IB_FIFO_TC=144 -x NCCL_IGNORE_CPU_AFFINITY=1 -x NCCL_PXN_DISABLE=1 -x NCCL_DMABUF_ENABLE=1 -x NCCL_DEBUG=VERSION -x RCCL_VIP_PIP_MAP_FILE=/home/amd/vul-rccl/vip_pip_mapping_gt_u.json -x NCCL_NET_OPTIONAL_RECV_COMPLETION=1 -x NCCL_IB_USE_INLINE=1 -x IONIC_LOCKFREE=all -x NCCL_IB_HCA=roce_ai0_vip,roce_ai1_vip,roce_ai2_vip,roce_ai3_vip,roce_ai4_vip,roce_ai5_vip,roce_ai6_vip,roce_ai7_vip -x NCCL_NET_PLUGIN=librccl-anp.so -x RCCL_LL128_FORCE_ENABLE=1 -x LD_PRELOAD=/home/amd/vul-rccl/rccl/build/release/librccl.so.1.0 /home/amd/vul-rccl/rccl-tests/build/reduce_scatter_perf -b 16 -e 16G -f 2 -g 1 -n 20 -c 1 -w 5
# Collective test starting: reduce_scatter_perf
# nThread 1 nGpus 1 minBytes 16 maxBytes 17179869184 step: 2(factor) warmup iters: 5 iters: 20 agg iters: 1 validation: 1 graph: 0
#
rccl-tests: Version develop_deprecated:40b1b17
# Using devices
#  Rank  0 Group  0 Pid  79627 on SC-GT-Node1 device  0 [0000:0e:00] AMD Instinct MI300X
#  Rank  1 Group  0 Pid  79628 on SC-GT-Node1 device  1 [0000:6e:00] AMD Instinct MI300X
#  Rank  2 Group  0 Pid  79629 on SC-GT-Node1 device  2 [0000:4e:00] AMD Instinct MI300X
#  Rank  3 Group  0 Pid  79630 on SC-GT-Node1 device  3 [0000:2e:00] AMD Instinct MI300X
#  Rank  4 Group  0 Pid  79631 on SC-GT-Node1 device  4 [0000:ef:00] AMD Instinct MI300X
#  Rank  5 Group  0 Pid  79632 on SC-GT-Node1 device  5 [0000:ce:00] AMD Instinct MI300X
#  Rank  6 Group  0 Pid  79633 on SC-GT-Node1 device  6 [0000:8e:00] AMD Instinct MI300X
#  Rank  7 Group  0 Pid  79634 on SC-GT-Node1 device  7 [0000:ae:00] AMD Instinct MI300X
#  Rank  8 Group  0 Pid  59005 on SC-GT-Node4 device  0 [0000:0e:00] AMD Instinct MI325X
#  Rank  9 Group  0 Pid  59006 on SC-GT-Node4 device  1 [0000:6e:00] AMD Instinct MI325X
#  Rank 10 Group  0 Pid  59007 on SC-GT-Node4 device  2 [0000:4e:00] AMD Instinct MI325X
#  Rank 11 Group  0 Pid  59008 on SC-GT-Node4 device  3 [0000:2e:00] AMD Instinct MI325X
#  Rank 12 Group  0 Pid  59009 on SC-GT-Node4 device  4 [0000:ef:00] AMD Instinct MI325X
#  Rank 13 Group  0 Pid  59010 on SC-GT-Node4 device  5 [0000:ce:00] AMD Instinct MI325X
#  Rank 14 Group  0 Pid  59011 on SC-GT-Node4 device  6 [0000:8e:00] AMD Instinct MI325X
#  Rank 15 Group  0 Pid  59012 on SC-GT-Node4 device  7 [0000:ae:00] AMD Instinct MI325X
RCCL version : 2.27.7-Unknown 
HIP version  : 7.0.51831-7c9236b16
ROCm version : 7.0.2.0-56-9428210
Hostname     : SC-GT-Node1
Librccl path : /home/amd/vul-rccl/rccl/build/release/librccl.so.1.0
#
#                                                              out-of-place                       in-place          
#       size         count      type   redop    root     time   algbw   busbw #wrong     time   algbw   busbw #wrong                               
#        (B)    (elements)                               (us)  (GB/s)  (GB/s)            (us)  (GB/s)  (GB/s)                                      
           0             0     float     sum      -1     0.31    0.00    0.00      0     0.14    0.00    0.00      0
           0             0     float     sum      -1     0.16    0.00    0.00      0     0.14    0.00    0.00      0
           0             0     float     sum      -1     0.15    0.00    0.00      0     0.14    0.00    0.00      0
           0             0     float     sum      -1     0.13    0.00    0.00      0     0.12    0.00    0.00      0
         256             4     float     sum      -1    45.34    0.01    0.01      0    45.20    0.01    0.01      0
         512             8     float     sum      -1    44.52    0.01    0.01      0    44.41    0.01    0.01      0
        1024            16     float     sum      -1    45.09    0.02    0.02      0    45.25    0.02    0.02      0
        2048            32     float     sum      -1    45.42    0.05    0.04      0    45.17    0.05    0.04      0
        4096            64     float     sum      -1    45.40    0.09    0.08      0    45.48    0.09    0.08      0
        8192           128     float     sum      -1    45.77    0.18    0.17      0    46.25    0.18    0.17      0
       16384           256     float     sum      -1    46.56    0.35    0.33      0    46.79    0.35    0.33      0
       32768           512     float     sum      -1    48.68    0.67    0.63      0    48.34    0.68    0.64      0
       65536          1024     float     sum      -1    54.24    1.21    1.13      0    54.24    1.21    1.13      0
      131072          2048     float     sum      -1    55.83    2.35    2.20      0    55.09    2.38    2.23      0
      262144          4096     float     sum      -1    58.57    4.48    4.20      0    58.58    4.48    4.20      0
      524288          8192     float     sum      -1    62.80    8.35    7.83      0    63.33    8.28    7.76      0
     1048576         16384     float     sum      -1    77.39   13.55   12.70      0    73.99   14.17   13.29      0
     2097152         32768     float     sum      -1    131.7   15.92   14.93      0    128.1   16.37   15.35      0
     4194304         65536     float     sum      -1    137.1   30.60   28.68      0    137.0   30.61   28.70      0
     8388608        131072     float     sum      -1    138.1   60.74   56.95      0    137.9   60.81   57.01      0
    16777216        262144     float     sum      -1    165.4  101.41   95.07      0    159.1  105.48   98.89      0
    33554432        524288     float     sum      -1    199.9  167.85  157.36      0    200.0  167.80  157.31      0
    67108864       1048576     float     sum      -1    474.8  141.33  132.50      0    467.0  143.72  134.73      0
   134217728       2097152     float     sum      -1    525.6  255.38  239.42      0    525.2  255.55  239.58      0
   268435456       4194304     float     sum      -1    763.4  351.62  329.64      0    748.9  358.43  336.02      0
   536870912       8388608     float     sum      -1   1463.1  366.93  344.00      0   1421.6  377.64  354.04      0
  1073741824      16777216     float     sum      -1   2874.5  373.53  350.19      0   2798.6  383.67  359.69      0
  2147483648      33554432     float     sum      -1   5721.5  375.34  351.88      0   5561.1  386.16  362.02      0
  4294967296      67108864     float     sum      -1    11327  379.16  355.47      0    11112  386.50  362.35      0
  8589934592     134217728     float     sum      -1    22691  378.56  354.90      0    22573  380.54  356.76      0
 17179869184     268435456     float     sum      -1    46064  372.95  349.64      0    45986  373.59  350.24      0
# Errors with asterisks indicate errors that have exceeded the maximum threshold.
# Out of bounds values : 0 OK
# Avg bus bandwidth    : 103.751 
#
# Collective test concluded: reduce_scatter_perf

Processing file: sanity_cc/temp_reduce_scatter_iteration_1.txt
Iteration 1 Output for /home/amd/vul-rccl-benchmark/run-rccl.sh all_gather:
Running all_gather, qps 1 ...
Num nodes: 2
LIST ________________________roce_ai0_vip,roce_ai1_vip,roce_ai2_vip,roce_ai3_vip,roce_ai4_vip,roce_ai5_vip,roce_ai6_vip,roce_ai7_vip
+ /home/amd/vul-rccl/ompi_build/bin/mpirun --np 16 --allow-run-as-root -H 10.30.69.101:8,10.30.69.98:8 --bind-to numa -x NCCL_IB_GID_INDEX=1 -x NCCL_GDR_FLUSH_DISABLE=1 -x RCCL_GDR_FLUSH_GPU_MEM_NO_RELAXED_ORDERING=0 -x PATH=/home/amd/vul-rccl/ompi_build/bin:/opt/rocm/bin:/root/.local/bin:/root/bin:/usr/share/Modules/bin:/usr/local/sbin:/usr/local/bin:/usr/sbin:/usr/bin -x LD_LIBRARY_PATH=/home/amd/vul-rccl/rccl/build/release:/home/amd/vul-rccl/amd-anp-mp-new/build:/home/amd/vul-rccl/ompi_build/lib:/home/amd/vul-rccl/rccl/build/release/_deps/fmt-build: --mca btl '^vader,openib' -mca btl_tcp_if_include eth0 -x NCCL_SOCKET_IFNAME=eth0 -x NCCL_IB_QPS_PER_CONNECTION=1 -x NCCL_TOPO_DUMP_FILE=/tmp/system_run2.txt -x HSA_NO_SCRATCH_RECLAIM=1 -x NCCL_IB_TC=128 -x NCCL_IB_FIFO_TC=144 -x NCCL_IGNORE_CPU_AFFINITY=1 -x NCCL_PXN_DISABLE=1 -x NCCL_DMABUF_ENABLE=1 -x NCCL_DEBUG=VERSION -x RCCL_VIP_PIP_MAP_FILE=/home/amd/vul-rccl/vip_pip_mapping_gt_u.json -x NCCL_NET_OPTIONAL_RECV_COMPLETION=1 -x NCCL_IB_USE_INLINE=1 -x IONIC_LOCKFREE=all -x NCCL_IB_HCA=roce_ai0_vip,roce_ai1_vip,roce_ai2_vip,roce_ai3_vip,roce_ai4_vip,roce_ai5_vip,roce_ai6_vip,roce_ai7_vip -x NCCL_NET_PLUGIN=librccl-anp.so -x RCCL_LL128_FORCE_ENABLE=1 -x LD_PRELOAD=/home/amd/vul-rccl/rccl/build/release/librccl.so.1.0 /home/amd/vul-rccl/rccl-tests/build/all_gather_perf -b 16 -e 16G -f 2 -g 1 -n 20 -c 1 -w 5
# Collective test starting: all_gather_perf
# nThread 1 nGpus 1 minBytes 16 maxBytes 17179869184 step: 2(factor) warmup iters: 5 iters: 20 agg iters: 1 validation: 1 graph: 0
#
rccl-tests: Version develop_deprecated:40b1b17
# Using devices
#  Rank  0 Group  0 Pid  79842 on SC-GT-Node1 device  0 [0000:0e:00] AMD Instinct MI300X
#  Rank  1 Group  0 Pid  79843 on SC-GT-Node1 device  1 [0000:6e:00] AMD Instinct MI300X
#  Rank  2 Group  0 Pid  79844 on SC-GT-Node1 device  2 [0000:4e:00] AMD Instinct MI300X
#  Rank  3 Group  0 Pid  79845 on SC-GT-Node1 device  3 [0000:2e:00] AMD Instinct MI300X
#  Rank  4 Group  0 Pid  79846 on SC-GT-Node1 device  4 [0000:ef:00] AMD Instinct MI300X
#  Rank  5 Group  0 Pid  79847 on SC-GT-Node1 device  5 [0000:ce:00] AMD Instinct MI300X
#  Rank  6 Group  0 Pid  79848 on SC-GT-Node1 device  6 [0000:8e:00] AMD Instinct MI300X
#  Rank  7 Group  0 Pid  79849 on SC-GT-Node1 device  7 [0000:ae:00] AMD Instinct MI300X
#  Rank  8 Group  0 Pid  59253 on SC-GT-Node4 device  0 [0000:0e:00] AMD Instinct MI325X
#  Rank  9 Group  0 Pid  59254 on SC-GT-Node4 device  1 [0000:6e:00] AMD Instinct MI325X
#  Rank 10 Group  0 Pid  59255 on SC-GT-Node4 device  2 [0000:4e:00] AMD Instinct MI325X
#  Rank 11 Group  0 Pid  59256 on SC-GT-Node4 device  3 [0000:2e:00] AMD Instinct MI325X
#  Rank 12 Group  0 Pid  59257 on SC-GT-Node4 device  4 [0000:ef:00] AMD Instinct MI325X
#  Rank 13 Group  0 Pid  59258 on SC-GT-Node4 device  5 [0000:ce:00] AMD Instinct MI325X
#  Rank 14 Group  0 Pid  59259 on SC-GT-Node4 device  6 [0000:8e:00] AMD Instinct MI325X
#  Rank 15 Group  0 Pid  59260 on SC-GT-Node4 device  7 [0000:ae:00] AMD Instinct MI325X
RCCL version : 2.27.7-Unknown 
HIP version  : 7.0.51831-7c9236b16
ROCm version : 7.0.2.0-56-9428210
Hostname     : SC-GT-Node1
Librccl path : /home/amd/vul-rccl/rccl/build/release/librccl.so.1.0
#
#                                                              out-of-place                       in-place          
#       size         count      type   redop    root     time   algbw   busbw #wrong     time   algbw   busbw #wrong                               
#        (B)    (elements)                               (us)  (GB/s)  (GB/s)            (us)  (GB/s)  (GB/s)                                      
           0             0     float    none      -1     0.17    0.00    0.00      0     0.10    0.00    0.00      0
           0             0     float    none      -1     0.12    0.00    0.00      0     0.08    0.00    0.00      0
           0             0     float    none      -1     0.10    0.00    0.00      0     0.09    0.00    0.00      0
           0             0     float    none      -1     0.09    0.00    0.00      0     0.09    0.00    0.00      0
         256             4     float    none      -1    51.69    0.00    0.00      0    44.12    0.01    0.01      0
         512             8     float    none      -1    41.22    0.01    0.01      0    40.87    0.01    0.01      0
        1024            16     float    none      -1    38.73    0.03    0.02      0    37.89    0.03    0.03      0
        2048            32     float    none      -1    38.53    0.05    0.05      0    38.55    0.05    0.05      0
        4096            64     float    none      -1    38.19    0.11    0.10      0    38.60    0.11    0.10      0
        8192           128     float    none      -1    37.71    0.22    0.20      0    39.44    0.21    0.19      0
       16384           256     float    none      -1    38.70    0.42    0.40      0    37.67    0.43    0.41      0
       32768           512     float    none      -1    39.07    0.84    0.79      0    41.01    0.80    0.75      0
       65536          1024     float    none      -1    41.22    1.59    1.49      0    40.38    1.62    1.52      0
      131072          2048     float    none      -1    39.37    3.33    3.12      0    40.29    3.25    3.05      0
      262144          4096     float    none      -1    41.11    6.38    5.98      0    39.91    6.57    6.16      0
      524288          8192     float    none      -1    44.36   11.82   11.08      0    45.59   11.50   10.78      0
     1048576         16384     float    none      -1    54.77   19.14   17.95      0    55.21   18.99   17.81      0
     2097152         32768     float    none      -1    70.96   29.56   27.71      0    70.70   29.66   27.81      0
     4194304         65536     float    none      -1    103.6   40.50   37.97      0    100.8   41.61   39.00      0
     8388608        131072     float    none      -1    120.6   69.58   65.23      0    119.1   70.42   66.02      0
    16777216        262144     float    none      -1    161.4  103.98   97.48      0    153.6  109.19  102.37      0
    33554432        524288     float    none      -1    177.3  189.23  177.41      0    174.2  192.63  180.59      0
    67108864       1048576     float    none      -1    338.3  198.39  186.00      0    335.2  200.19  187.68      0
   134217728       2097152     float    none      -1    521.0  257.62  241.52      0    515.0  260.63  244.34      0
   268435456       4194304     float    none      -1    765.1  350.86  328.93      0    764.1  351.31  329.36      0
   536870912       8388608     float    none      -1   1488.3  360.73  338.18      0   1477.4  363.38  340.67      0
  1073741824      16777216     float    none      -1   2941.5  365.03  342.21      0   2926.1  366.95  344.02      0
  2147483648      33554432     float    none      -1   5844.5  367.44  344.47      0   5814.6  369.33  346.25      0
  4294967296      67108864     float    none      -1    11543  372.10  348.84      0    11517  372.91  349.61      0
  8589934592     134217728     float    none      -1    22906  375.02  351.58      0    23054  372.60  349.31      0
 17179869184     268435456     float    none      -1    45618  376.60  353.06      0    46232  371.60  348.38      0
# Errors with asterisks indicate errors that have exceeded the maximum threshold.
# Out of bounds values : 0 OK
# Avg bus bandwidth    : 106.098 
#
# Collective test concluded: all_gather_perf

Processing file: sanity_cc/temp_all_gather_iteration_1.txt
creating output for all_reduce
creating output for alltoall
creating output for alltoallv
creating output for reduce_scatter
creating output for all_gather
Processed data saved to enhanced Excel file: sanity_cc/sanity_cc.xlsx.
